$ set -euo pipefail
node --import tsx --test --test-concurrency=1 frontend/tests/device-frontend-integration.test.ts frontend/tests/device-connection-accessibility.test.ts
npm test --workspace=frontend
npm run typecheck --workspace=frontend

--- stdout (10 redaction(s)) ---
TAP version 13
# Subtest: web assignment buttons announce selected=false and disabled=false, contextual=false
ok 1 - web assignment buttons announce selected=false and disabled=false, contextual=false
  ---
  duration_ms: 161.228843
  type: 'test'
  ...
# Subtest: web assignment buttons announce selected=false and disabled=true, contextual=false
ok 2 - web assignment buttons announce selected=false and disabled=true, contextual=false
  ---
  duration_ms: 67.966675
  type: 'test'
  ...
# Subtest: web assignment buttons announce selected=true and disabled=false, contextual=false
ok 3 - web assignment buttons announce selected=true and disabled=false, contextual=false
  ---
  duration_ms: 44.300181
  type: 'test'
  ...
# Subtest: web assignment buttons announce selected=true and disabled=true, contextual=false
ok 4 - web assignment buttons announce selected=true and disabled=true, contextual=false
  ---
  duration_ms: 95.874011
  type: 'test'
  ...
# Subtest: web assignment buttons announce selected=false and disabled=false, contextual=true
ok 5 - web assignment buttons announce selected=false and disabled=false, contextual=true
  ---
  duration_ms: 105.14303
  type: 'test'
  ...
# Subtest: web assignment buttons announce selected=false and disabled=true, contextual=true
ok 6 - web assignment buttons announce selected=false and disabled=true, contextual=true
  ---
  duration_ms: 46.732837
  type: 'test'
  ...
# Subtest: web assignment buttons announce selected=true and disabled=false, contextual=true
ok 7 - web assignment buttons announce selected=true and disabled=false, contextual=true
  ---
  duration_ms: 64.297495
  type: 'test'
  ...
# Subtest: web assignment buttons announce selected=true and disabled=true, contextual=true
ok 8 - web assignment buttons announce selected=true and disabled=true, contextual=true
  ---
  duration_ms: 76.91031
  type: 'test'
  ...
# Subtest: production Scanner -> provider -> Assignment -> Success -> Profile uses UUID and one BFF through real client
ok 9 - production Scanner -> provider -> Assignment -> Success -> Profile uses UUID and one BFF through real client
  ---
  duration_ms: 477.454208
  type: 'test'
  ...
# Subtest: real transport preserves claim 409, same-owner reclaim and failed pairing retry
ok 10 - real transport preserves claim 409, same-owner reclaim and failed pairing retry
  ---
  duration_ms: 152.867433
  type: 'test'
  ...
# Subtest: late HTTP claim completion after account boundary cannot store a Device or navigate
ok 11 - late HTTP claim completion after account boundary cannot store a Device or navigate
  ---
  duration_ms: 31.535725
  type: 'test'
  ...
1..11
# tests 11
# suites 0
# pass 11
# fail 0
# cancelled 0
# skipped 0
# todo 0
# duration_ms 3626.614374
TAP version 13
# Subtest: plant creation and deletion use normalized payloads, parsed responses and empty 204
ok 1 - plant creation and deletion use normalized payloads, parsed responses and empty 204
  ---
  duration_ms: 90.258037
  type: 'test'
  ...
# Subtest: plant mutations validate inputs and preserve API errors
ok 2 - plant mutations validate inputs and preserve API errors
  ---
  duration_ms: 9.756837
  type: 'test'
  ...
# Subtest: URL environment precedence and platform defaults
ok 3 - URL environment precedence and platform defaults
  ---
  duration_ms: 0.489984
  type: 'test'
  ...
# Subtest: plant updates trim fields, preserve clearing and moisture bounds, and attach bearer [redacted]
ok 4 - plant updates trim fields, preserve clearing and moisture bounds, and attach bearer [redacted]
  ---
  duration_ms: 4.567745
  type: 'test'
  ...
# Subtest: plant updates reject invalid fields and propagate missing plants
ok 5 - plant updates reject invalid fields and propagate missing plants
  ---
  duration_ms: 4.824354
  type: 'test'
  ...
# Subtest: all seven operations use correct routes and bodies
ok 6 - all seven operations use correct routes and bodies
  ---
  duration_ms: 19.464149
  type: 'test'
  ...
# Subtest: only latest 404 becomes null
ok 7 - only latest 404 becomes null
  ---
  duration_ms: 4.639163
  type: 'test'
  ...
# Subtest: nested validation rejects invalid data instead of manufacturing defaults
ok 8 - nested validation rejects invalid data instead of manufacturing defaults
  ---
  duration_ms: 6.791365
  type: 'test'
  ...
# Subtest: network, invalid JSON, timeout and external cancellation are typed
ok 9 - network, invalid JSON, timeout and external cancellation are typed
  ---
  duration_ms: 27.841592
  type: 'test'
  ...
# "shadow*" style props are deprecated. Use "boxShadow".
# Subtest: reference-sized floating pill and camera share a centerline and retain readable labels
ok 10 - reference-sized floating pill and camera share a centerline and retain readable labels
  ---
  duration_ms: 272.476769
  type: 'test'
  ...
# Subtest: each navigation item opens its own route with reference Home/Spaces icons and a distinct task icon
ok 11 - each navigation item opens its own route with reference Home/Spaces icons and a distinct task icon
  ---
  duration_ms: 434.496507
  type: 'test'
  ...
# Subtest: dock respects safe areas and remains centered at the reference width on small screens
ok 12 - dock respects safe areas and remains centered at the reference width on small screens
  ---
  duration_ms: 44.706523
  type: 'test'
  ...
# Subtest: installed Router v57 clears retained plant/device targets on the untargeted Scan action
ok 13 - installed Router v57 clears retained plant/device targets on the untargeted Scan action
  ---
  duration_ms: 55.235102
  type: 'test'
  ...
# Subtest: selected-tab color and emphasis follow Spaces details, reverse selections, and stop for reduced motion
ok 14 - selected-tab color and emphasis follow Spaces details, reverse selections, and stop for reduced motion
  ---
  duration_ms: 46.833041
  type: 'test'
  ...
# Subtest: reduced-motion startup and tab changes render static selection without resetting animated values
ok 15 - reduced-motion startup and tab changes render static selection without resetting animated values
  ---
  duration_ms: 39.575039
  type: 'test'
  ...
# Subtest: installed tab history reverses navigation without losing the Space Details target
ok 16 - installed tab history reverses navigation without losing the Space Details target
  ---
  duration_ms: 1.235997
  type: 'test'
  ...
# Subtest: task mutation cancellation rejects even when transport ignores abort and returns late
ok 17 - task mutation cancellation rejects even when transport ignores abort and returns late
  ---
  duration_ms: 91.56373
  type: 'test'
  ...
# Subtest: already cancelled task mutation never reaches transport
ok 18 - already cancelled task mutation never reaches transport
  ---
  duration_ms: 1.993042
  type: 'test'
  ...
# Subtest: Monday calendar filters retain overdue/manual checks and distinguish exact week boundaries
ok 19 - Monday calendar filters retain overdue/manual checks and distinguish exact week boundaries
  ---
  duration_ms: 31.143712
  type: 'test'
  ...
# Subtest: completed views use completion timestamps rather than inventing manual due dates
ok 20 - completed views use completion timestamps rather than inventing manual due dates
  ---
  duration_ms: 0.512507
  type: 'test'
  ...
# Subtest: task mutation retains the full list and confirmed write when reload fails
ok 21 - task mutation retains the full list and confirmed write when reload fails
  ---
  duration_ms: 297.876245
  type: 'test'
  ...
# Subtest: task mutation aborts on blur and ignores a late success
ok 22 - task mutation aborts on blur and ignores a late success
  ---
  duration_ms: 171.231521
  type: 'test'
  ...
# Subtest: task mutation aborts on background and ignores a late success
ok 23 - task mutation aborts on background and ignores a late success
  ---
  duration_ms: 128.108439
  type: 'test'
  ...
# Subtest: task mutation aborts on unmount and ignores a late success
ok 24 - task mutation aborts on unmount and ignores a late success
  ---
  duration_ms: 91.428066
  type: 'test'
  ...
# Subtest: task mutation locks duplicate taps and does not confirm a failed write
ok 25 - task mutation locks duplicate taps and does not confirm a failed write
  ---
  duration_ms: 103.701324
  type: 'test'
  ...
# Subtest: Skip uses SKIPPED only after a successful PATCH and retains previous status on failure
ok 26 - Skip uses SKIPPED only after a successful PATCH and retains previous status on failure
  ---
  duration_ms: 83.501125
  type: 'test'
  ...
# Subtest: Skip aborts on blur and ignores a late successful response
ok 27 - Skip aborts on blur and ignores a late successful response
  ---
  duration_ms: 52.416176
  type: 'test'
  ...
# Subtest: Skip aborts on background and ignores a late successful response
ok 28 - Skip aborts on background and ignores a late successful response
  ---
  duration_ms: 65.915387
  type: 'test'
  ...
# Subtest: Skip aborts on unmount and ignores a late successful response
ok 29 - Skip aborts on unmount and ignores a late successful response
  ---
  duration_ms: 94.674619
  type: 'test'
  ...
# Subtest: disabled account task hook cannot Skip
ok 30 - disabled account task hook cannot Skip
  ---
  duration_ms: 62.453507
  type: 'test'
  ...
# Subtest: focus and fresh client session restore account task status from authoritative GET
ok 31 - focus and fresh client session restore account task status from authoritative GET
  ---
  duration_ms: 203.486622
  type: 'test'
  ...
# Subtest: authoritative GET retires confirmed overlays, including after another failed reload
ok 32 - authoritative GET retires confirmed overlays, including after another failed reload
  ---
  duration_ms: 61.581971
  type: 'test'
  ...
# Subtest: blur cancellation revalidates before settlement and late finally cannot unlock a newer mutation
ok 33 - blur cancellation revalidates before settlement and late finally cannot unlock a newer mutation
  ---
  duration_ms: 86.119149
  type: 'test'
  ...
# Subtest: a GET published between the synchronous mutation lock and effect cleanup cannot overwrite confirmation
ok 34 - a GET published between the synchronous mutation lock and effect cleanup cannot overwrite confirmation
  ---
  duration_ms: 48.577598
  type: 'test'
  ...
# Subtest: Due today includes earlier-today overdue tasks and excludes undated, completed, invalid and other dates
ok 35 - Due today includes earlier-today overdue tasks and excludes undated, completed, invalid and other dates
  ---
  duration_ms: 4.056248
  type: 'test'
  ...
# Subtest: Due today follows local calendar boundaries through short and long daylight-saving days
ok 36 - Due today follows local calendar boundaries through short and long daylight-saving days
  ---
  duration_ms: 2.207534
  type: 'test'
  ...
# Subtest: task previews retain short details and select a concise sentence without changing the saved explanation
ok 37 - task previews retain short details and select a concise sentence without changing the saved explanation
  ---
  duration_ms: 1.152073
  type: 'test'
  ...
# Subtest: task thumbnails show the real saved plant image or an accessible missing-photo placeholder
ok 38 - task thumbnails show the real saved plant image or an accessible missing-photo placeholder
  ---
  duration_ms: 207.524967
  type: 'test'
  ...
# Subtest: thumbnail load errors fall back and a different saved image recovers without stale-error interference
ok 39 - thumbnail load errors fall back and a different saved image recovers without stale-error interference
  ---
  duration_ms: 39.107389
  type: 'test'
  ...
# Subtest: Guest task controls persist completion/undo, retain pending tasks on failure and open the selected space
ok 40 - Guest task controls persist completion/undo, retain pending tasks on failure and open the selected space
  ---
  duration_ms: 687.293676
  type: 'test'
  ...
# Subtest: account Skip uses only the server source, leaves failed tasks visible and removes confirmed skips
ok 41 - account Skip uses only the server source, leaves failed tasks visible and removes confirmed skips
  ---
  duration_ms: 290.891013
  type: 'test'
  ...
# Subtest: account completion and Undo send COMPLETED and PENDING without writing local history
ok 42 - account completion and Undo send COMPLETED and PENDING without writing local history
  ---
  duration_ms: 141.200571
  type: 'test'
  ...
# Subtest: loading and partial refresh failure have retry controls without a false empty success
ok 43 - loading and partial refresh failure have retry controls without a false empty success
  ---
  duration_ms: 122.446213
  type: 'test'
  ...
# Subtest: pull-to-refresh remains wired and three interactive summary cards show readable real counts
ok 44 - pull-to-refresh remains wired and three interactive summary cards show readable real counts
  ---
  duration_ms: 184.582984
  type: 'test'
  ...
# Subtest: direct task buttons are text-only and offer only supported pending/completed actions
ok 45 - direct task buttons are text-only and offer only supported pending/completed actions
  ---
  duration_ms: 250.807484
  type: 'test'
  ...
# Subtest: empty states fill the remaining screen and have no My Spaces action
ok 46 - empty states fill the remaining screen and have no My Spaces action
  ---
  duration_ms: 123.745522
  type: 'test'
  ...
# Subtest: green period dropdown switches task views without changing persistent task sources
ok 47 - green period dropdown switches task views without changing persistent task sources
  ---
  duration_ms: 155.092822
  type: 'test'
  ...
# Subtest: Care Tasks filter remains interactive without animation when reduced motion is enabled
ok 48 - Care Tasks filter remains interactive without animation when reduced motion is enabled
  ---
  duration_ms: 191.094935
  type: 'test'
  ...
# Subtest: Care Tasks uses a clean white page without decorative artwork and retains real plant thumbnails
ok 49 - Care Tasks uses a clean white page without decorative artwork and retains real plant thumbnails
  ---
  duration_ms: 118.072025
  type: 'test'
  ...
# Subtest: summary due-today filter includes earlier-today Overdue and excludes manual, yesterday, and tomorrow tasks
ok 50 - summary due-today filter includes earlier-today Overdue and excludes manual, yesterday, and tomorrow tasks
  ---
  duration_ms: 155.335074
  type: 'test'
  ...
# Subtest: All, Pending and Completed views share confirmed counts without changing task sources
ok 51 - All, Pending and Completed views share confirmed counts without changing task sources
  ---
  duration_ms: 126.666641
  type: 'test'
  ...
# Subtest: short previews can expand to the original saved details without marking care complete
ok 52 - short previews can expand to the original saved details without marking care complete
  ---
  duration_ms: 85.088702
  type: 'test'
  ...
# Subtest: account plant loading cannot show an empty success before local schedules and history hydrate
ok 53 - account plant loading cannot show an empty success before local schedules and history hydrate
  ---
  duration_ms: 141.663402
  type: 'test'
  ...
# Subtest: presentation groups exact due times and leaves unscheduled and future urgent checks undated or upcoming
ok 54 - presentation groups exact due times and leaves unscheduled and future urgent checks undated or upcoming
  ---
  duration_ms: 31.190264
  type: 'test'
  ...
# Subtest: completed recurring tasks stay in history while their next occurrence is upcoming; undo restores overdue
ok 55 - completed recurring tasks stay in history while their next occurrence is upcoming; undo restores overdue
  ---
  duration_ms: 4.674982
  type: 'test'
  ...
# Subtest: server tasks merge by urgency and due date, preserve completion and omit skipped/deleted targets
ok 56 - server tasks merge by urgency and due date, preserve completion and omit skipped/deleted targets
  ---
  duration_ms: 1.265214
  type: 'test'
  ...
# Subtest: aggregates all plants, prioritizes urgent recommendations, and does not invent healthy readings
ok 57 - aggregates all plants, prioritizes urgent recommendations, and does not invent healthy readings
  ---
  duration_ms: 1.18601
  type: 'test'
  ...
# Subtest: saved schedules group overdue/today separately from future checks and preserve reminder time
ok 58 - saved schedules group overdue/today separately from future checks and preserve reminder time
  ---
  duration_ms: 1.031468
  type: 'test'
  ...
# Subtest: completion is idempotent, recurring checks advance, undo restores occurrence
ok 59 - completion is idempotent, recurring checks advance, undo restores occurrence
  ---
  duration_ms: 1.042971
  type: 'test'
  ...
# Subtest: one-off tasks stay complete; updated versions renew tasks; deleted plants leave the hub
ok 60 - one-off tasks stay complete; updated versions renew tasks; deleted plants leave the hub
  ---
  duration_ms: 5.237298
  type: 'test'
  ...
# Subtest: legacy local state migrates completions; invalid history fails closed
ok 61 - legacy local state migrates completions; invalid history fails closed
  ---
  duration_ms: 1.65896
  type: 'test'
  ...
# Subtest: completions survive remount, stay account-scoped, and failed writes do not check off tasks
ok 62 - completions survive remount, stay account-scoped, and failed writes do not check off tasks
  ---
  duration_ms: 10.910895
  type: 'test'
  ...
# Subtest: hardware widget persists with 0 sensors and working entry points
ok 63 - hardware widget persists with 0 sensors and working entry points
  ---
  duration_ms: 264.111609
  type: 'test'
  ...
# Subtest: hardware widget persists with 1 sensors and working entry points
ok 64 - hardware widget persists with 1 sensors and working entry points
  ---
  duration_ms: 39.734008
  type: 'test'
  ...
# Subtest: hardware widget persists with 2 sensors and working entry points
ok 65 - hardware widget persists with 2 sensors and working entry points
  ---
  duration_ms: 40.588443
  type: 'test'
  ...
# Subtest: dashboard keeps both quick actions and hardware widget for 0 sensors
ok 66 - dashboard keeps both quick actions and hardware widget for 0 sensors
  ---
  duration_ms: 126.239811
  type: 'test'
  ...
# Subtest: dashboard keeps both quick actions and hardware widget for 2 sensors
ok 67 - dashboard keeps both quick actions and hardware widget for 2 sensors
  ---
  duration_ms: 139.614745
  type: 'test'
  ...
# Subtest: dashboard retains initial loading and retry without fabricating AI content
ok 68 - dashboard retains initial loading and retry without fabricating AI content
  ---
  duration_ms: 2.28535
  type: 'test'
  ...
# Subtest: loaded collections do not recreate the removed garden summary
ok 69 - loaded collections do not recreate the removed garden summary
  ---
  duration_ms: 0.540843
  type: 'test'
  ...
# Subtest: overview status distinguishes refresh and failed refresh
ok 70 - overview status distinguishes refresh and failed refresh
  ---
  duration_ms: 0.54437
  type: 'test'
  ...
# Subtest: guest messaging stays local and does not promise guest AI scans
ok 71 - guest messaging stays local and does not promise guest AI scans
  ---
  duration_ms: 1.050044
  type: 'test'
  ...
# Subtest: sensor alerts do not infer missing hardware from incomplete collections
ok 72 - sensor alerts do not infer missing hardware from incomplete collections
  ---
  duration_ms: 0.809086
  type: 'test'
  ...
# Subtest: missing sensor links keep hardware optional and pairing unavailable
ok 73 - missing sensor links keep hardware optional and pairing unavailable
  ---
  duration_ms: 0.721595
  type: 'test'
  ...
# Subtest: a saved sensor link is not presented as a live observation
ok 74 - a saved sensor link is not presented as a live observation
  ---
  duration_ms: 0.542877
  type: 'test'
  ...
# Subtest: demo-only and mixed collections explicitly distinguish simulated telemetry
ok 75 - demo-only and mixed collections explicitly distinguish simulated telemetry
  ---
  duration_ms: 0.58046
  type: 'test'
  ...
# Subtest: device activity uses Router focus without a standalone navigation provider
ok 76 - device activity uses Router focus without a standalone navigation provider
  ---
  duration_ms: 155.246551
  type: 'test'
  ...
# Subtest: device activity stays paused in background or inactive and resumes only when focused
ok 77 - device activity stays paused in background or inactive and resumes only when focused
  ---
  duration_ms: 27.014692
  type: 'test'
  ...
# Subtest: web visibility gates device work and both listeners are removed
ok 78 - web visibility gates device work and both listeners are removed
  ---
  duration_ms: 19.153465
  type: 'test'
  ...
# Subtest: empty successful responses reject when contracts require a payload
ok 79 - empty successful responses reject when contracts require a payload
  ---
  duration_ms: 64.660397
  type: 'test'
  ...
# Subtest: device routes preserve UUID/MAC, bodies, bearer [redacted] all BFF states
ok 80 - device routes preserve UUID/MAC, bodies, bearer [redacted] all BFF states
  ---
  duration_ms: 22.059391
  type: 'test'
  ...
# Subtest: invalid inputs reject before transport and conventional MACs normalize
ok 81 - invalid inputs reject before transport and conventional MACs normalize
  ---
  duration_ms: 5.012031
  type: 'test'
  ...
# Subtest: conflicts and malformed successful responses never become success
ok 82 - conflicts and malformed successful responses never become success
  ---
  duration_ms: 17.294307
  type: 'test'
  ...
# Subtest: new routes refresh once and respect cancellation and timeout
ok 83 - new routes refresh once and respect cancellation and timeout
  ---
  duration_ms: 32.645811
  type: 'test'
  ...
# Subtest: production scanner coalesces scan/submission and hands off server UUID and target
ok 84 - production scanner coalesces scan/submission and hands off server UUID and target
  ---
  duration_ms: 349.665638
  type: 'test'
  ...
# Subtest: manual input validates visibly, ownership conflict stays and retry succeeds with camera denied
ok 85 - manual input validates visibly, ownership conflict stays and retry succeeds with camera denied
  ---
  duration_ms: 170.224014
  type: 'test'
  ...
# Subtest: production scanner suppresses pending state and navigation after blur
ok 86 - production scanner suppresses pending state and navigation after blur
  ---
  duration_ms: 153.433522
  type: 'test'
  ...
# Subtest: production scanner suppresses pending state and navigation after cancel
ok 87 - production scanner suppresses pending state and navigation after cancel
  ---
  duration_ms: 120.141025
  type: 'test'
  ...
# Subtest: production scanner suppresses pending state and navigation after dispose
ok 88 - production scanner suppresses pending state and navigation after dispose
  ---
  duration_ms: 58.429824
  type: 'test'
  ...
# Subtest: production scanner suppresses pending state and navigation after auth
ok 89 - production scanner suppresses pending state and navigation after auth
  ---
  duration_ms: 45.185281
  type: 'test'
  ...
# Subtest: production scanner suppresses pending state and navigation after snapshotOnly
ok 90 - production scanner suppresses pending state and navigation after snapshotOnly
  ---
  duration_ms: 44.468508
  type: 'test'
  ...
# Subtest: guest scanner offers sign-in without claim or camera access
ok 91 - guest scanner offers sign-in without claim or camera access
  ---
  duration_ms: 51.38263
  type: 'test'
  ...
# Subtest: legacy selection bypasses mock nodes and retains contextual target
ok 92 - legacy selection bypasses mock nodes and retains contextual target
  ---
  duration_ms: 20.419034
  type: 'test'
  ...
# Subtest: production AppData fences old claim closure and clears ephemeral Device on account remount
ok 93 - production AppData fences old claim closure and clears ephemeral Device on account remount
  ---
  duration_ms: 216.999841
  type: 'test'
  ...
# Subtest: permission rejection after unmount never writes screen state
ok 94 - permission rejection after unmount never writes screen state
  ---
  duration_ms: 72.179571
  type: 'test'
  ...
# Subtest: nonconflict claim error is sanitized and scanned retry remains usable
ok 95 - nonconflict claim error is sanitized and scanned retry remains usable
  ---
  duration_ms: 67.856163
  type: 'test'
  ...
# Subtest: web assignment buttons announce selected=false and disabled=false, contextual=false
ok 96 - web assignment buttons announce selected=false and disabled=false, contextual=false
  ---
  duration_ms: 305.635573
  type: 'test'
  ...
# Subtest: web assignment buttons announce selected=false and disabled=true, contextual=false
ok 97 - web assignment buttons announce selected=false and disabled=true, contextual=false
  ---
  duration_ms: 132.262932
  type: 'test'
  ...
# Subtest: web assignment buttons announce selected=true and disabled=false, contextual=false
ok 98 - web assignment buttons announce selected=true and disabled=false, contextual=false
  ---
  duration_ms: 135.358871
  type: 'test'
  ...
# Subtest: web assignment buttons announce selected=true and disabled=true, contextual=false
ok 99 - web assignment buttons announce selected=true and disabled=true, contextual=false
  ---
  duration_ms: 107.038652
  type: 'test'
  ...
# Subtest: web assignment buttons announce selected=false and disabled=false, contextual=true
ok 100 - web assignment buttons announce selected=false and disabled=false, contextual=true
  ---
  duration_ms: 115.653125
  type: 'test'
  ...
# Subtest: web assignment buttons announce selected=false and disabled=true, contextual=true
ok 101 - web assignment buttons announce selected=false and disabled=true, contextual=true
  ---
  duration_ms: 75.147886
  type: 'test'
  ...
# Subtest: web assignment buttons announce selected=true and disabled=false, contextual=true
ok 102 - web assignment buttons announce selected=true and disabled=false, contextual=true
  ---
  duration_ms: 62.719086
  type: 'test'
  ...
# Subtest: web assignment buttons announce selected=true and disabled=true, contextual=true
ok 103 - web assignment buttons announce selected=true and disabled=true, contextual=true
  ---
  duration_ms: 37.625574
  type: 'test'
  ...
# (node:26970) ExperimentalWarning: The MockTimers API is an experimental feature and might change at any time
# (Use `node --trace-warnings ...` to show where the warning was created)
# Subtest: management removal preserves all devices on failure and removes only its ID on retry
ok 104 - management removal preserves all devices on failure and removes only its ID on retry
  ---
  duration_ms: 280.992859
  type: 'test'
  ...
# Subtest: actual local provider fences a session change when queued
ok 105 - actual local provider fences a session change when queued
  ---
  duration_ms: 113.531756
  type: 'test'
  ...
# Subtest: actual local provider fences a session change when commit started
ok 106 - actual local provider fences a session change when commit started
  ---
  duration_ms: 85.20554
  type: 'test'
  ...
# (node:26977) ExperimentalWarning: The MockTimers API is an experimental feature and might change at any time
# (Use `node --trace-warnings ...` to show where the warning was created)
# Subtest: discovery contains only uniquely identified mock nodes and rejects invalid route parameters
ok 107 - discovery contains only uniquely identified mock nodes and rejects invalid route parameters
  ---
  duration_ms: 2.343433
  type: 'test'
  ...
# Subtest: assignment supports existing spaces and plants without mutating sensor links
ok 108 - assignment supports existing spaces and plants without mutating sensor links
  ---
  duration_ms: 2.931268
  type: 'test'
  ...
# Subtest: existing v1 state stays valid; malformed mock assignments fail closed
ok 109 - existing v1 state stays valid; malformed mock assignments fail closed
  ---
  duration_ms: 1.790557
  type: 'test'
  ...
# Subtest: completed assignments survive reload and remain isolated from other accounts and guests
ok 110 - completed assignments survive reload and remain isolated from other accounts and guests
  ---
  duration_ms: 2.782598
  type: 'test'
  ...
# Subtest: failed persistence does not publish a successful connection and retry succeeds
ok 111 - failed persistence does not publish a successful connection and retry succeeds
  ---
  duration_ms: 8.321443
  type: 'test'
  ...
# Subtest: mock delays finish only after their timeout
ok 112 - mock delays finish only after their timeout
  ---
  duration_ms: 1.832208
  type: 'test'
  ...
# Subtest: cancelled and already-aborted mock work never completes
ok 113 - cancelled and already-aborted mock work never completes
  ---
  duration_ms: 1.662838
  type: 'test'
  ...
# Subtest: a cancelled queued assignment never writes and the queue remains usable
ok 114 - a cancelled queued assignment never writes and the queue remains usable
  ---
  duration_ms: 2.482334
  type: 'test'
  ...
# Subtest: invalid persisted mock assignment blocks loading and preserves stored data
ok 115 - invalid persisted mock assignment blocks loading and preserves stored data
  ---
  duration_ms: 1.434253
  type: 'test'
  ...
# Subtest: legacy single connection migrates once without resurrecting removed devices
ok 116 - legacy single connection migrates once without resurrecting removed devices
  ---
  duration_ms: 2.229652
  type: 'test'
  ...
# Subtest: multiple sensors append, reassignment replaces only the matching identity
ok 117 - multiple sensors append, reassignment replaces only the matching identity
  ---
  duration_ms: 0.70827
  type: 'test'
  ...
# Subtest: device collections fail closed on corrupt, duplicate, or spoofed live entries
ok 118 - device collections fail closed on corrupt, duplicate, or spoofed live entries
  ---
  duration_ms: 1.994785
  type: 'test'
  ...
# Subtest: contextual targets lock selection and invalid or deleted destinations never fall back
ok 119 - contextual targets lock selection and invalid or deleted destinations never fall back
  ---
  duration_ms: 0.674764
  type: 'test'
  ...
# Subtest: concurrent pairing preserves multiple sensors across reload and removal
ok 120 - concurrent pairing preserves multiple sensors across reload and removal
  ---
  duration_ms: 9.015487
  type: 'test'
  ...
# Subtest: production Scanner -> provider -> Assignment -> Success -> Profile uses UUID and one BFF through real client
ok 121 - production Scanner -> provider -> Assignment -> Success -> Profile uses UUID and one BFF through real client
  ---
  duration_ms: 939.014029
  type: 'test'
  ...
# Subtest: real transport preserves claim 409, same-owner reclaim and failed pairing retry
ok 122 - real transport preserves claim 409, same-owner reclaim and failed pairing retry
  ---
  duration_ms: 427.004036
  type: 'test'
  ...
# Subtest: late HTTP claim completion after account boundary cannot store a Device or navigate
ok 123 - late HTTP claim completion after account boundary cannot store a Device or navigate
  ---
  duration_ms: 72.415915
  type: 'test'
  ...
# Subtest: production assignment pairs claimed UUID once, updates reassignment and offers confirmed profile
ok 124 - production assignment pairs claimed UUID once, updates reassignment and offers confirmed profile
  ---
  duration_ms: 537.707686
  type: 'test'
  ...
# Subtest: production assignment rejects unsupported or missing contextual target {"targetType":"space","targetId":"Bedroom"}
ok 125 - production assignment rejects unsupported or missing contextual target {"targetType":"space","targetId":"Bedroom"}
  ---
  duration_ms: 237.481316
  type: 'test'
  ...
# Subtest: production assignment rejects unsupported or missing contextual target {"targetType":"plant","targetId":"missing"}
ok 126 - production assignment rejects unsupported or missing contextual target {"targetType":"plant","targetId":"missing"}
  ---
  duration_ms: 152.068223
  type: 'test'
  ...
# Subtest: production assignment rejects unsupported or missing contextual target {"targetType":"plant","targetId":"mock-leaf-node-01"}
ok 127 - production assignment rejects unsupported or missing contextual target {"targetType":"plant","targetId":"mock-leaf-node-01"}
  ---
  duration_ms: 140.666781
  type: 'test'
  ...
# Subtest: production assignment rejects unsupported or missing contextual target {"targetType":["plant"],"targetId":"44444444-4444-4444-8444-444444444444"}
ok 128 - production assignment rejects unsupported or missing contextual target {"targetType":["plant"],"targetId":"44444444-4444-4444-8444-444444444444"}
  ---
  duration_ms: 134.18423
  type: 'test'
  ...
# Subtest: production assignment rejects unsupported or missing contextual target {"targetId":"44444444-4444-4444-8444-444444444444"}
ok 129 - production assignment rejects unsupported or missing contextual target {"targetId":"44444444-4444-4444-8444-444444444444"}
  ---
  duration_ms: 95.051721
  type: 'test'
  ...
# Subtest: missing claim, forged UUID and guests cannot mutate
ok 130 - missing claim, forged UUID and guests cannot mutate
  ---
  duration_ms: 136.790265
  type: 'test'
  ...
# Subtest: pair mutation failure remains retryable and refresh failure preserves successful cache and warning
ok 131 - pair mutation failure remains retryable and refresh failure preserves successful cache and warning
  ---
  duration_ms: 105.779371
  type: 'test'
  ...
# Subtest: production pairing handles account without implying a confirmed write rolled back
ok 132 - production pairing handles account without implying a confirmed write rolled back
  ---
  duration_ms: 120.403755
  type: 'test'
  ...
# Subtest: production pairing handles unmount without implying a confirmed write rolled back
ok 133 - production pairing handles unmount without implying a confirmed write rolled back
  ---
  duration_ms: 135.036069
  type: 'test'
  ...
# Subtest: production pairing handles cancel without implying a confirmed write rolled back
ok 134 - production pairing handles cancel without implying a confirmed write rolled back
  ---
  duration_ms: 93.093688
  type: 'test'
  ...
# Subtest: provider rejects unavailable plants and mismatched server confirmation
ok 135 - provider rejects unavailable plants and mismatched server confirmation
  ---
  duration_ms: 53.787924
  type: 'test'
  ...
# Subtest: confirmed mutation stays on assignment while refresh is pending, then success survives failed refresh
ok 136 - confirmed mutation stays on assignment while refresh is pending, then success survives failed refresh
  ---
  duration_ms: 211.184104
  type: 'test'
  ...
# Subtest: changing route while mutation runs suppresses the old target handoff
ok 137 - changing route while mutation runs suppresses the old target handoff
  ---
  duration_ms: 79.467509
  type: 'test'
  ...
# Subtest: connection diagnostics are replaced entirely with the standard message
ok 138 - connection diagnostics are replaced entirely with the standard message
  ---
  duration_ms: 4.296676
  type: 'test'
  ...
# Subtest: API normalization preserves kinds, status and diagnostic details, not network text
ok 139 - API normalization preserves kinds, status and diagnostic details, not network text
  ---
  duration_ms: 0.525373
  type: 'test'
  ...
# Subtest: validation, credential, cancellation and informational messages remain useful
ok 140 - validation, credential, cancellation and informational messages remain useful
  ---
  duration_ms: 0.352837
  type: 'test'
  ...
# Subtest: login, registration and collection requests sanitize rejected transports and API diagnostics
ok 141 - login, registration and collection requests sanitize rejected transports and API diagnostics
  ---
  duration_ms: 129.264635
  type: 'test'
  ...
# Subtest: request timeouts use the same connection message
ok 142 - request timeouts use the same connection message
  ---
  duration_ms: 28.292656
  type: 'test'
  ...
# "shadow*" style props are deprecated. Use "boxShadow".
# Subtest: garden search matches name, species and location without mutating either view
ok 143 - garden search matches name, species and location without mutating either view
  ---
  duration_ms: 7.922617
  type: 'test'
  ...
# Subtest: tab layout exposes only three primary tabs and retains hidden compatibility routes
ok 144 - tab layout exposes only three primary tabs and retains hidden compatibility routes
  ---
  duration_ms: 240.434655
  type: 'test'
  ...
# Subtest: custom tab bar stays visible on content routes and hides on scan routes
ok 145 - custom tab bar stays visible on content routes and hides on scan routes
  ---
  duration_ms: 34.20354
  type: 'test'
  ...
# Subtest: bottom navigation emits tab events, respects prevention and keeps Scan an action
ok 146 - bottom navigation emits tab events, respects prevention and keeps Scan an action
  ---
  duration_ms: 123.045299
  type: 'test'
  ...
# Subtest: My Spaces stays selected on Spaces and Space Details and opens the Spaces route
ok 147 - My Spaces stays selected on Spaces and Space Details and opens the Spaces route
  ---
  duration_ms: 61.318279
  type: 'test'
  ...
# Subtest: local and signed-in tab entry defaults to Dashboard
ok 148 - local and signed-in tab entry defaults to Dashboard
  ---
  duration_ms: 64.934957
  type: 'test'
  ...
# Subtest: tabs switch immediately with opaque scenes and preload only the three main screens
ok 149 - tabs switch immediately with opaque scenes and preload only the three main screens
  ---
  duration_ms: 36.220749
  type: 'test'
  ...
# Subtest: root stack preserves guards while native pushes reverse on Back and reduced motion disables them
ok 150 - root stack preserves guards while native pushes reverse on Back and reduced motion disables them
  ---
  duration_ms: 157.535978
  type: 'test'
  ...
# Subtest: collection entry points lead to My Spaces and Garden has no visible tab title
ok 151 - collection entry points lead to My Spaces and Garden has no visible tab title
  ---
  duration_ms: 1.369487
  type: 'test'
  ...
# Subtest: legacy camera redirect preserves target params; notifications lead to actionable tasks
ok 152 - legacy camera redirect preserves target params; notifications lead to actionable tasks
  ---
  duration_ms: 11.84788
  type: 'test'
  ...
# Subtest: dashboard puts plant overview directly after hardware and AI summary last
ok 153 - dashboard puts plant overview directly after hardware and AI summary last
  ---
  duration_ms: 0.708038
  type: 'test'
  ...
# Subtest: new state hydrates without writing defaults
ok 154 - new state hydrates without writing defaults
  ---
  duration_ms: 6.449067
  type: 'test'
  ...
# Subtest: account keys cannot overlap guest or other accounts
ok 155 - account keys cannot overlap guest or other accounts
  ---
  duration_ms: 0.463603
  type: 'test'
  ...
# Subtest: local profile survives reload without crossing account boundaries or requiring migration
ok 156 - local profile survives reload without crossing account boundaries or requiring migration
  ---
  duration_ms: 2.769943
  type: 'test'
  ...
# Subtest: serialized updates and remounted stores preserve independent changes
ok 157 - serialized updates and remounted stores preserve independent changes
  ---
  duration_ms: 1.681013
  type: 'test'
  ...
# Subtest: corrupt and future-version data are not overwritten
ok 158 - corrupt and future-version data are not overwritten
  ---
  duration_ms: 2.581067
  type: 'test'
  ...
# Subtest: failed write keeps committed state and queue remains usable
ok 159 - failed write keeps committed state and queue remains usable
  ---
  duration_ms: 1.598764
  type: 'test'
  ...
# Subtest: complete setup and care schedule survive a new store
ok 160 - complete setup and care schedule survive a new store
  ---
  duration_ms: 3.1689
  type: 'test'
  ...
# Subtest: invalid choices, duplicate spaces, and impossible steps fail validation
ok 161 - invalid choices, duplicate spaces, and impossible steps fail validation
  ---
  duration_ms: 0.92411
  type: 'test'
  ...
# Subtest: care defaults vary by plant and light and reject unsafe input ranges
ok 162 - care defaults vary by plant and light and reject unsafe input ranges
  ---
  duration_ms: 1.588884
  type: 'test'
  ...
# Subtest: missing navigation defaults to focused on initial and telemetry re-renders
ok 163 - missing navigation defaults to focused on initial and telemetry re-renders
  ---
  duration_ms: 183.447157
  type: 'test'
  ...
# Subtest: navigation focus and blur are observed and both listeners are cleaned up
ok 164 - navigation focus and blur are observed and both listeners are cleaned up
  ---
  duration_ms: 27.030979
  type: 'test'
  ...
# Subtest: plant care view renders saved guidance, missing-data warning and history without interpreting HTML
ok 165 - plant care view renders saved guidance, missing-data warning and history without interpreting HTML
  ---
  duration_ms: 346.770018
  type: 'test'
  ...
# Subtest: plant care view labels stale readings and does not invent a diagnosis for an unscanned plant
ok 166 - plant care view labels stale readings and does not invent a diagnosis for an unscanned plant
  ---
  duration_ms: 164.957339
  type: 'test'
  ...
# Subtest: telemetry guidance distinguishes fresh, stale, missing, failed, simulated and unverified data
ok 167 - telemetry guidance distinguishes fresh, stale, missing, failed, simulated and unverified data
  ---
  duration_ms: 2.695178
  type: 'test'
  ...
# Subtest: guidance selects the latest diagnosis and pending tasks only for the requested plant
ok 168 - guidance selects the latest diagnosis and pending tasks only for the requested plant
  ---
  duration_ms: 8.874719
  type: 'test'
  ...
# Subtest: guidance API includes an encoded plant filter and preserves unfiltered history
ok 169 - guidance API includes an encoded plant filter and preserves unfiltered history
  ---
  duration_ms: 52.994761
  type: 'test'
  ...
# Subtest: profile sibling identity remains unique while editing and changes with the plant
ok 170 - profile sibling identity remains unique while editing and changes with the plant
  ---
  duration_ms: 367.817594
  type: 'test'
  ...
# Subtest: production profile renders unpaired from one BFF
ok 171 - production profile renders unpaired from one BFF
  ---
  duration_ms: 199.307223
  type: 'test'
  ...
# Subtest: production profile renders waiting from one BFF
ok 172 - production profile renders waiting from one BFF
  ---
  duration_ms: 122.943182
  type: 'test'
  ...
# Subtest: production profile renders zero metrics from one BFF
ok 173 - production profile renders zero metrics from one BFF
  ---
  duration_ms: 154.177159
  type: 'test'
  ...
# Subtest: production profile reports malformed BFF distinctly and retry recovers
ok 174 - production profile reports malformed BFF distinctly and retry recovers
  ---
  duration_ms: 188.592902
  type: 'test'
  ...
# Subtest: production profile aborts obsolete plant/session responses and refocus observes reassignment
ok 175 - production profile aborts obsolete plant/session responses and refocus observes reassignment
  ---
  duration_ms: 91.871298
  type: 'test'
  ...
# Subtest: collection hydration, retry, missing metadata and controls use AppData
ok 176 - collection hydration, retry, missing metadata and controls use AppData
  ---
  duration_ms: 92.337655
  type: 'test'
  ...
# Subtest: malformed profile target undefined is safe
ok 177 - malformed profile target undefined is safe
  ---
  duration_ms: 95.821462
  type: 'test'
  ...
# Subtest: malformed profile target "" is safe
ok 178 - malformed profile target "" is safe
  ---
  duration_ms: 88.61616
  type: 'test'
  ...
# Subtest: malformed profile target "bad-id" is safe
ok 179 - malformed profile target "bad-id" is safe
  ---
  duration_ms: 83.342121
  type: 'test'
  ...
# Subtest: malformed profile target ["11111111-1111-4111-8111-111111111111"] is safe
ok 180 - malformed profile target ["11111111-1111-4111-8111-111111111111"] is safe
  ---
  duration_ms: 73.134784
  type: 'test'
  ...
# Subtest: guest metadata retains scanning and care without BFF reads
ok 181 - guest metadata retains scanning and care without BFF reads
  ---
  duration_ms: 46.728487
  type: 'test'
  ...
# Subtest: refresh coalesces, stop aborts, late results are suppressed
ok 182 - refresh coalesces, stop aborts, late results are suppressed
  ---
  duration_ms: 14.252331
  type: 'test'
  ...
# Subtest: restart fences old failures and publishes new data
ok 183 - restart fences old failures and publishes new data
  ---
  duration_ms: 2.761748
  type: 'test'
  ...
# Subtest: passing image returns exactly the requested contract on every platform
ok 184 - passing image returns exactly the requested contract on every platform
  ---
  duration_ms: 3.927928
  type: 'test'
  ...
# Subtest: uses JPEG bytes rather than base64 length and rejects below the 50 KiB boundary
ok 185 - uses JPEG bytes rather than base64 length and rejects below the 50 KiB boundary
  ---
  duration_ms: 1.194345
  type: 'test'
  ...
# Subtest: base64 padding is excluded from file size without decoding pixels
ok 186 - base64 padding is excluded from file size without decoding pixels
  ---
  duration_ms: 1.421859
  type: 'test'
  ...
# Subtest: missing and malformed base64 reject instead of failing open
ok 187 - missing and malformed base64 reject instead of failing open
  ---
  duration_ms: 5.184925
  type: 'test'
  ...
# Subtest: undersized dimensions reject independently of file size in portrait and landscape
ok 188 - undersized dimensions reject independently of file size in portrait and landscape
  ---
  duration_ms: 1.065275
  type: 'test'
  ...
# Subtest: invalid dimension metadata rejects safely
ok 189 - invalid dimension metadata rejects safely
  ---
  duration_ms: 1.783002
  type: 'test'
  ...
# Subtest: cancelled session never produces a passing result
ok 190 - cancelled session never produces a passing result
  ---
  duration_ms: 1.719658
  type: 'test'
  ...
# Subtest: animated press feedback forwards native measurement refs, accessibility and action callbacks unchanged
ok 191 - animated press feedback forwards native measurement refs, accessibility and action callbacks unchanged
  ---
  duration_ms: 272.833266
  type: 'test'
  ...
# Subtest: web accessibility states map to ARIA without overriding explicit false values or altering native states
ok 192 - web accessibility states map to ARIA without overriding explicit false values or altering native states
  ---
  duration_ms: 190.196464
  type: 'test'
  ...
# Subtest: pressed style callbacks and existing transforms remain intact through subtle compression and spring release
ok 193 - pressed style callbacks and existing transforms remain intact through subtle compression and spring release
  ---
  duration_ms: 55.306423
  type: 'test'
  ...
# Subtest: feedback uses native animation on iOS and Android, and a web animation driver in the browser
ok 194 - feedback uses native animation on iOS and Android, and a web animation driver in the browser
  ---
  duration_ms: 133.854821
  type: 'test'
  ...
# Subtest: web hover state and hover callbacks remain interactive alongside pressed feedback
ok 195 - web hover state and hover callbacks remain interactive alongside pressed feedback
  ---
  duration_ms: 60.971554
  type: 'test'
  ...
# Subtest: disabled and reduced-motion buttons retain readable pressed styling without scale animations
ok 196 - disabled and reduced-motion buttons retain readable pressed styling without scale animations
  ---
  duration_ms: 73.469764
  type: 'test'
  ...
# Subtest: changing motion preference or disabling a held button cancels its running feedback
ok 197 - changing motion preference or disabling a held button cancels its running feedback
  ---
  duration_ms: 77.960038
  type: 'test'
  ...
# Subtest: string CSS transforms are preserved instead of overwritten by native transform feedback
ok 198 - string CSS transforms are preserved instead of overwritten by native transform feedback
  ---
  duration_ms: 32.145873
  type: 'test'
  ...
# Subtest: reduced motion stays conservative until the initial device preference is known
ok 199 - reduced motion stays conservative until the initial device preference is known
  ---
  duration_ms: 72.833263
  type: 'test'
  ...
# Subtest: live reduced-motion changes override an older in-flight preference query
ok 200 - live reduced-motion changes override an older in-flight preference query
  ---
  duration_ms: 12.297816
  type: 'test'
  ...
# Subtest: preference failures keep motion disabled while live preference changes still work
ok 201 - preference failures keep motion disabled while live preference changes still work
  ---
  duration_ms: 10.425339
  type: 'test'
  ...
# Subtest: unmount removes the preference listener and ignores late query and event updates
ok 202 - unmount removes the preference listener and ignores late query and event updates
  ---
  duration_ms: 11.78142
  type: 'test'
  ...
# Subtest: crop preview maps portrait, landscape and zoomed edges to square image bounds
ok 203 - crop preview maps portrait, landscape and zoomed edges to square image bounds
  ---
  duration_ms: 8.424555
  type: 'test'
  ...
# Subtest: gallery denial, permanent denial, cancellation and invalid assets do not prepare or save a photo
ok 204 - gallery denial, permanent denial, cancellation and invalid assets do not prepare or save a photo
  ---
  duration_ms: 3.124844
  type: 'test'
  ...
# Subtest: gallery selection normalizes the chosen photo before cropping and propagates preparation errors
ok 205 - gallery selection normalizes the chosen photo before cropping and propagates preparation errors
  ---
  duration_ms: 1.138036
  type: 'test'
  ...
# Subtest: cropped photos copy to documents before persistence; failed saves preserve the previous avatar
ok 206 - cropped photos copy to documents before persistence; failed saves preserve the previous avatar
  ---
  duration_ms: 1.10423
  type: 'test'
  ...
# Subtest: local profile validation accepts managed image files and preserves existing URL photos
ok 207 - local profile validation accepts managed image files and preserves existing URL photos
  ---
  duration_ms: 2.1574
  type: 'test'
  ...
# Subtest: active frontend source uses Router-provided navigation modules
ok 208 - active frontend source uses Router-provided navigation modules
  ---
  duration_ms: 796.460595
  type: 'test'
  ...
# Subtest: current no-plant codes and legacy provider JSON become helpful guidance
ok 209 - current no-plant codes and legacy provider JSON become helpful guidance
  ---
  duration_ms: 8.153297
  type: 'test'
  ...
# Subtest: scan failures have actionable messages without diagnostic passthrough
ok 210 - scan failures have actionable messages without diagnostic passthrough
  ---
  duration_ms: 1.369036
  type: 'test'
  ...
# Subtest: provider configuration failures are not mistaken for user authentication or bad photos
ok 211 - provider configuration failures are not mistaken for user authentication or bad photos
  ---
  duration_ms: 0.814295
  type: 'test'
  ...
# Subtest: patch failure retains report and retry only synchronizes
ok 212 - patch failure retains report and retry only synchronizes
  ---
  duration_ms: 7.388353
  type: 'test'
  ...
# Subtest: refetch retry skips a completed patch and guards duplicate scans
ok 213 - refetch retry skips a completed patch and guards duplicate scans
  ---
  duration_ms: 11.106366
  type: 'test'
  ...
# Subtest: cancelled scan suppresses late completion and never patches
ok 214 - cancelled scan suppresses late completion and never patches
  ---
  duration_ms: 1.046438
  type: 'test'
  ...
# Subtest: a scan for the wrong plant is rejected before any state mutation
ok 215 - a scan for the wrong plant is rejected before any state mutation
  ---
  duration_ms: 1.775046
  type: 'test'
  ...
# Subtest: a mismatched refreshed plant never enters the completed scan state
ok 216 - a mismatched refreshed plant never enters the completed scan state
  ---
  duration_ms: 1.136793
  type: 'test'
  ...
# Subtest: endSession is idempotent and clears successful and failed flow snapshots
ok 217 - endSession is idempotent and clears successful and failed flow snapshots
  ---
  duration_ms: 3.662619
  type: 'test'
  ...
# Subtest: closed scan resolve cannot alter or unlock a new pending scan
ok 218 - closed scan resolve cannot alter or unlock a new pending scan
  ---
  duration_ms: 4.222343
  type: 'test'
  ...
# Subtest: closed scan reject cannot alter or unlock a new pending scan
ok 219 - closed scan reject cannot alter or unlock a new pending scan
  ---
  duration_ms: 1.038662
  type: 'test'
  ...
# Subtest: closed update resolve cannot alter or unlock a new pending scan
ok 220 - closed update resolve cannot alter or unlock a new pending scan
  ---
  duration_ms: 1.551471
  type: 'test'
  ...
# Subtest: closed update reject cannot alter or unlock a new pending scan
ok 221 - closed update reject cannot alter or unlock a new pending scan
  ---
  duration_ms: 1.307296
  type: 'test'
  ...
# Subtest: closed fetch resolve cannot alter or unlock a new pending scan
ok 222 - closed fetch resolve cannot alter or unlock a new pending scan
  ---
  duration_ms: 1.226518
  type: 'test'
  ...
# Subtest: closed fetch reject cannot alter or unlock a new pending scan
ok 223 - closed fetch reject cannot alter or unlock a new pending scan
  ---
  duration_ms: 1.211519
  type: 'test'
  ...
# Subtest: saved result shows the actual 1-task count and routes to Care Tasks
ok 224 - saved result shows the actual 1-task count and routes to Care Tasks
  ---
  duration_ms: 670.545052
  type: 'test'
  ...
# Subtest: saved result shows the actual 2-task count and routes to Care Tasks
ok 225 - saved result shows the actual 2-task count and routes to Care Tasks
  ---
  duration_ms: 225.465318
  type: 'test'
  ...
# Subtest: review fallback is counted as one saved task with readable explanation
ok 226 - review fallback is counted as one saved task with readable explanation
  ---
  duration_ms: 179.386517
  type: 'test'
  ...
# Subtest: failed synchronization retains tasks without false success; retry never scans again
ok 227 - failed synchronization retains tasks without false success; retry never scans again
  ---
  duration_ms: 180.247664
  type: 'test'
  ...
# Subtest: provider failure cannot display a saved-task result
ok 228 - provider failure cannot display a saved-task result
  ---
  duration_ms: 149.659466
  type: 'test'
  ...
# Subtest: scanner gates capture on readiness and blocks duplicate captures
ok 229 - scanner gates capture on readiness and blocks duplicate captures
  ---
  duration_ms: 637.551419
  type: 'test'
  ...
# Subtest: scanner preserves target forwarding and New Scan readiness
ok 230 - scanner preserves target forwarding and New Scan readiness
  ---
  duration_ms: 249.566147
  type: 'test'
  ...
# Subtest: missing and oversized camera payloads never reach the scan provider
ok 231 - missing and oversized camera payloads never reach the scan provider
  ---
  duration_ms: 328.637157
  type: 'test'
  ...
# Subtest: failed scan can Retake, and Retry Sync preserves diagnosis within the visit
ok 232 - failed scan can Retake, and Retry Sync preserves diagnosis within the visit
  ---
  duration_ms: 134.672572
  type: 'test'
  ...
# Subtest: guest, permission-denied, unfocused and background states cannot capture
ok 233 - guest, permission-denied, unfocused and background states cannot capture
  ---
  duration_ms: 103.96892
  type: 'test'
  ...
# Subtest: hook clears reports on route exit but preserves retry state across backgrounding
ok 234 - hook clears reports on route exit but preserves retry state across backgrounding
  ---
  duration_ms: 119.060014
  type: 'test'
  ...
# Subtest: hook unmount aborts an outstanding request and drops the transient report
ok 235 - hook unmount aborts an outstanding request and drops the transient report
  ---
  duration_ms: 110.003479
  type: 'test'
  ...
# Subtest: X clears failed photos and results Back permits three independent scan visits
ok 236 - X clears failed photos and results Back permits three independent scan visits
  ---
  duration_ms: 186.214753
  type: 'test'
  ...
# Subtest: X during capture: late resolve cannot unlock or replace the reopened capture
ok 237 - X during capture: late resolve cannot unlock or replace the reopened capture
  ---
  duration_ms: 106.981876
  type: 'test'
  ...
# Subtest: X during capture: late reject cannot unlock or replace the reopened capture
ok 238 - X during capture: late reject cannot unlock or replace the reopened capture
  ---
  duration_ms: 98.182873
  type: 'test'
  ...
# Subtest: leaving during scan: stale resolve produces no state or feedback in the next visit
ok 239 - leaving during scan: stale resolve produces no state or feedback in the next visit
  ---
  duration_ms: 101.994175
  type: 'test'
  ...
# Subtest: leaving during scan: stale reject produces no state or feedback in the next visit
ok 240 - leaving during scan: stale reject produces no state or feedback in the next visit
  ---
  duration_ms: 112.671965
  type: 'test'
  ...
# Subtest: leaving during update: stale resolve produces no state or feedback in the next visit
ok 241 - leaving during update: stale resolve produces no state or feedback in the next visit
  ---
  duration_ms: 118.510475
  type: 'test'
  ...
# Subtest: leaving during update: stale reject produces no state or feedback in the next visit
ok 242 - leaving during update: stale reject produces no state or feedback in the next visit
  ---
  duration_ms: 112.583132
  type: 'test'
  ...
# Subtest: leaving during fetch: stale resolve produces no state or feedback in the next visit
ok 243 - leaving during fetch: stale resolve produces no state or feedback in the next visit
  ---
  duration_ms: 106.177491
  type: 'test'
  ...
# Subtest: leaving during fetch: stale reject produces no state or feedback in the next visit
ok 244 - leaving during fetch: stale reject produces no state or feedback in the next visit
  ---
  duration_ms: 85.637016
  type: 'test'
  ...
# Subtest: old camera callbacks cannot ready or break a new preview; mount/permission recovery works
ok 245 - old camera callbacks cannot ready or break a new preview; mount/permission recovery works
  ---
  duration_ms: 85.936849
  type: 'test'
  ...
# Subtest: late permission rejection and unmounted capture cannot write into a later session
ok 246 - late permission rejection and unmounted capture cannot write into a later session
  ---
  duration_ms: 69.373623
  type: 'test'
  ...
# Subtest: untargeted reentry drops old route context and later targeted entry uses new context
ok 247 - untargeted reentry drops old route context and later targeted entry uses new context
  ---
  duration_ms: 82.666809
  type: 'test'
  ...
# Subtest: backgrounded capture cannot keep the foreground preview locked
ok 248 - backgrounded capture cannot keep the foreground preview locked
  ---
  duration_ms: 63.200869
  type: 'test'
  ...
# Subtest: development effect cleanup/setup replay leaves a readyable camera
ok 249 - development effect cleanup/setup replay leaves a readyable camera
  ---
  duration_ms: 72.46824
  type: 'test'
  ...
# Subtest: late Retry Sync finalizer cannot unlock a newly reopened capture
ok 250 - late Retry Sync finalizer cannot unlock a newly reopened capture
  ---
  duration_ms: 73.882593
  type: 'test'
  ...
# Subtest: scanner waits for validation, locks duplicate taps and submits a passing capture once
ok 251 - scanner waits for validation, locks duplicate taps and submits a passing capture once
  ---
  duration_ms: 590.720499
  type: 'test'
  ...
# Subtest: image_too_small never uploads and retake clears feedback
ok 252 - image_too_small never uploads and retake clears feedback
  ---
  duration_ms: 239.656054
  type: 'test'
  ...
# Subtest: low_resolution never uploads and retake clears feedback
ok 253 - low_resolution never uploads and retake clears feedback
  ---
  duration_ms: 167.007934
  type: 'test'
  ...
# Subtest: invalid_image never uploads and retake clears feedback
ok 254 - invalid_image never uploads and retake clears feedback
  ---
  duration_ms: 148.317773
  type: 'test'
  ...
# Subtest: cancelled never uploads and retake clears feedback
ok 255 - cancelled never uploads and retake clears feedback
  ---
  duration_ms: 117.34219
  type: 'test'
  ...
# Subtest: leaving via close aborts validation and ignores a late passing result
ok 256 - leaving via close aborts validation and ignores a late passing result
  ---
  duration_ms: 122.012783
  type: 'test'
  ...
# Subtest: leaving via route aborts validation and ignores a late passing result
ok 257 - leaving via route aborts validation and ignores a late passing result
  ---
  duration_ms: 93.412445
  type: 'test'
  ...
# Subtest: leaving via background aborts validation and ignores a late passing result
ok 258 - leaving via background aborts validation and ignores a late passing result
  ---
  duration_ms: 121.533551
  type: 'test'
  ...
# Subtest: leaving via signout aborts validation and ignores a late passing result
ok 259 - leaving via signout aborts validation and ignores a late passing result
  ---
  duration_ms: 123.637608
  type: 'test'
  ...
# Subtest: leaving via permission aborts validation and ignores a late passing result
ok 260 - leaving via permission aborts validation and ignores a late passing result
  ---
  duration_ms: 90.195691
  type: 'test'
  ...
# Subtest: leaving via unmount aborts validation and ignores a late passing result
ok 261 - leaving via unmount aborts validation and ignores a late passing result
  ---
  duration_ms: 103.421004
  type: 'test'
  ...
# Subtest: old validation cannot overwrite or unlock a new capture session
ok 262 - old validation cannot overwrite or unlock a new capture session
  ---
  duration_ms: 107.800054
  type: 'test'
  ...
# Subtest: real JS scanner validator rejects small_file before upload
ok 263 - real JS scanner validator rejects small_file before upload
  ---
  duration_ms: 112.035898
  type: 'test'
  ...
# Subtest: real JS scanner validator rejects small_dimensions before upload
ok 264 - real JS scanner validator rejects small_dimensions before upload
  ---
  duration_ms: 112.072093
  type: 'test'
  ...
# Subtest: real JS scanner validator rejects missing_dimensions before upload
ok 265 - real JS scanner validator rejects missing_dimensions before upload
  ---
  duration_ms: 160.923598
  type: 'test'
  ...
# Subtest: logout during refresh discards late rotation and clears secure credential
ok 266 - logout during refresh discards late rotation and clears secure credential
  ---
  duration_ms: 60.018464
  type: 'test'
  ...
# Subtest: secure storage read failure is explicit, retryable, and never reaches network
ok 267 - secure storage read failure is explicit, retryable, and never reaches network
  ---
  duration_ms: 1.56182
  type: 'test'
  ...
# Subtest: login 401 is not refreshed, password whitespace survives, account switch broadcasts
ok 268 - login 401 is not refreshed, password whitespace survives, account switch broadcasts
  ---
  duration_ms: 3.007997
  type: 'test'
  ...
# Subtest: browser coordinators use the same exclusive lock across tabs
ok 269 - browser coordinators use the same exclusive lock across tabs
  ---
  duration_ms: 19.679059
  type: 'test'
  ...
# Subtest: profile name updates use authenticated PATCH and publish validated server identity
ok 270 - profile name updates use authenticated PATCH and publish validated server identity
  ---
  duration_ms: 125.591321
  type: 'test'
  ...
# Subtest: late profile update cannot restore identity after switching to local access
ok 271 - late profile update cannot restore identity after switching to local access
  ---
  duration_ms: 10.242814
  type: 'test'
  ...
# Subtest: native restore persists rotation before profile and publishes only validated identity
ok 272 - native restore persists rotation before profile and publishes only validated identity
  ---
  duration_ms: 9.575475
  type: 'test'
  ...
# Subtest: browser bootstrap uses empty JSON, CSRF, cookies and no bearer [redacted] token [redacted]
ok 273 - browser bootstrap uses empty JSON, CSRF, cookies and no bearer [redacted] token [redacted]
  ---
  duration_ms: 4.945038
  type: 'test'
  ...
# Subtest: concurrent 401s single-flight refresh; cancelling a waiter does not abort rotation
ok 274 - concurrent 401s single-flight refresh; cancelling a waiter does not abort rotation
  ---
  duration_ms: 6.092012
  type: 'test'
  ...
# Subtest: late stale 401 reuses newer token [redacted] a second rotation
ok 275 - late stale 401 reuses newer token [redacted] a second rotation
  ---
  duration_ms: 6.22493
  type: 'test'
  ...
# Subtest: 403 and network mutation failures do not refresh or retry
ok 276 - 403 and network mutation failures do not refresh or retry
  ---
  duration_ms: 5.024555
  type: 'test'
  ...
# Subtest: retry is bounded to one, and repeated 401 invalidates session
ok 277 - retry is bounded to one, and repeated 401 invalidates session
  ---
  duration_ms: 3.378398
  type: 'test'
  ...
# Subtest: ambiguous native rotation failure erases consumed credential and does not retry
ok 278 - ambiguous native rotation failure erases consumed credential and does not retry
  ---
  duration_ms: 37.138555
  type: 'test'
  ...
# Subtest: SecureStore write failure never publishes access token
ok 279 - SecureStore write failure never publishes access token
  ---
  duration_ms: 8.290562
  type: 'test'
  ...
# Subtest: transient profile failure retains rotated credential and retries profile only
ok 280 - transient profile failure retains rotated credential and retries profile only
  ---
  duration_ms: 2.373452
  type: 'test'
  ...
# Subtest: logout cancels pending private request, accepts 204, and guest cannot hit private API
ok 281 - logout cancels pending private request, accepts 204, and guest cannot hit private API
  ---
  duration_ms: 2.310529
  type: 'test'
  ...
# Subtest: browser fallback fails closed without invoking refresh when Web Locks unavailable
ok 282 - browser fallback fails closed without invoking refresh when Web Locks unavailable
  ---
  duration_ms: 0.527988
  type: 'test'
  ...
# Subtest: restore: hanging profile times out, retains credentials and retries without authenticating again
ok 283 - restore: hanging profile times out, retains credentials and retries without authenticating again
  ---
  duration_ms: 21.536331
  type: 'test'
  ...
# Subtest: login: hanging profile times out, retains credentials and retries without authenticating again
ok 284 - login: hanging profile times out, retains credentials and retries without authenticating again
  ---
  duration_ms: 20.363754
  type: 'test'
  ...
# Subtest: register: hanging profile times out, retains credentials and retries without authenticating again
ok 285 - register: hanging profile times out, retains credentials and retries without authenticating again
  ---
  duration_ms: 18.270423
  type: 'test'
  ...
# Subtest: local profile edits persist while account names use the real profile endpoint
ok 286 - local profile edits persist while account names use the real profile endpoint
  ---
  duration_ms: 183.36862
  type: 'test'
  ...
# Subtest: profile photo persistence preserves names and isolates late writes across session changes
ok 287 - profile photo persistence preserves names and isolates late writes across session changes
  ---
  duration_ms: 33.366789
  type: 'test'
  ...
# Subtest: login offers account-free Dashboard entry without calling real sign-in
ok 288 - login offers account-free Dashboard entry without calling real sign-in
  ---
  duration_ms: 54.561186
  type: 'test'
  ...
# Subtest: profile keeps independent Rename, removes duplicate rows and gates account settings
ok 289 - profile keeps independent Rename, removes duplicate rows and gates account settings
  ---
  duration_ms: 123.029526
  type: 'test'
  ...
# Subtest: circular crop controls adjust image bounds, guard duplicate saves, keep errors retryable and cancel without saving
ok 290 - circular crop controls adjust image bounds, guard duplicate saves, keep errors retryable and cancel without saving
  ---
  duration_ms: 69.456899
  type: 'test'
  ...
# Subtest: fresh local entry opens Dashboard once, keeps setup optional, and permits later sign-in
ok 291 - fresh local entry opens Dashboard once, keeps setup optional, and permits later sign-in
  ---
  duration_ms: 30.139346
  type: 'test'
  ...
# Subtest: Guest cards open the selected space and its manual-add flow, persist data, and have no Garden entry
ok 292 - Guest cards open the selected space and its manual-add flow, persist data, and have no Garden entry
  ---
  duration_ms: 379.703838
  type: 'test'
  ...
# Subtest: space suggestions fill an editable name without creating a space and preserve custom-name saves in both sessions
ok 293 - space suggestions fill an editable name without creating a space and preserve custom-name saves in both sessions
  ---
  duration_ms: 149.290686
  type: 'test'
  ...
# Subtest: space-card counts stay beside their names and update with the current plant groups
ok 294 - space-card counts stay beside their names and update with the current plant groups
  ---
  duration_ms: 51.339745
  type: 'test'
  ...
# Subtest: detail cards keep cover photos above white name footers with bottom-right anchored menus and photo fallbacks
ok 295 - detail cards keep cover photos above white name footers with bottom-right anchored menus and photo fallbacks
  ---
  duration_ms: 149.460027
  type: 'test'
  ...
# Subtest: horizontal dots match measured dimensions and colors within an invisible accessible touch area
ok 296 - horizontal dots match measured dimensions and colors within an invisible accessible touch area
  ---
  duration_ms: 10.278203
  type: 'test'
  ...
# Subtest: reference dropdown has 75 by 32 pills, Inter Semi Bold labels and exact visible-dot anchoring
ok 297 - reference dropdown has 75 by 32 pills, Inter Semi Bold labels and exact visible-dot anchoring
  ---
  duration_ms: 11.066497
  type: 'test'
  ...
# Subtest: space dots measure their actual window position and stop card navigation
ok 298 - space dots measure their actual window position and stop card navigation
  ---
  duration_ms: 9.013886
  type: 'test'
  ...
# Subtest: dropdown overlay converts coordinates, pops open, closes outside and respects reduced motion
ok 299 - dropdown overlay converts coordinates, pops open, closes outside and respects reduced motion
  ---
  duration_ms: 93.393774
  type: 'test'
  ...
# Subtest: plus dropdown is left of its trigger and stays within narrow screen bounds
ok 300 - plus dropdown is left of its trigger and stays within narrow screen bounds
  ---
  duration_ms: 7.490585
  type: 'test'
  ...
# Subtest: dropdowns close on navigation blur and release native Back listeners on close and unmount
ok 301 - dropdowns close on navigation blur and release native Back listeners on close and unmount
  ---
  duration_ms: 26.386528
  type: 'test'
  ...
# Subtest: large-text add menus widen and wrap while retaining the gap beside the plus on narrow screens
ok 302 - large-text add menus widen and wrap while retaining the gap beside the plus on narrow screens
  ---
  duration_ms: 587.761262
  type: 'test'
  ...
# Subtest: plus opens only Scan Plant and Add a Plant beside it, dismisses outside, and preserves flows in both sessions
ok 303 - plus opens only Scan Plant and Add a Plant beside it, dismisses outside, and preserves flows in both sessions
  ---
  duration_ms: 133.29985
  type: 'test'
  ...
# Subtest: anchored dropdown sits below dots, closes outside or on selection, and confirms destructive changes
ok 304 - anchored dropdown sits below dots, closes outside or on selection, and confirms destructive changes
  ---
  duration_ms: 59.103061
  type: 'test'
  ...
# Subtest: space Archive and Delete use existing persistence, confirm deletion, and retain failed changes
ok 305 - space Archive and Delete use existing persistence, confirm deletion, and retain failed changes
  ---
  duration_ms: 31.773668
  type: 'test'
  ...
# Subtest: detail archive is scoped to the viewed space, with separate compact styling and retained fade dismissal
ok 306 - detail archive is scoped to the viewed space, with separate compact styling and retained fade dismissal
  ---
  duration_ms: 37.80009
  type: 'test'
  ...
# Subtest: plant menus are separate from spaces and gate unsupported Archive and guest deletion
ok 307 - plant menus are separate from spaces and gate unsupported Archive and guest deletion
  ---
  duration_ms: 32.63135
  type: 'test'
  ...
# Subtest: long press plant removal can be cancelled and only commits confirmed successful account deletion
ok 308 - long press plant removal can be cancelled and only commits confirmed successful account deletion
  ---
  duration_ms: 64.242426
  type: 'test'
  ...
# Subtest: all 193 samples are chronological without mutating API order or losing null/zero light
ok 309 - all 193 samples are chronological without mutating API order or losing null/zero light
  ---
  duration_ms: 3.129093
  type: 'test'
  ...
# Subtest: seed client posts and preserves server device linkage and simulation marker
ok 310 - seed client posts and preserves server device linkage and simulation marker
  ---
  duration_ms: 48.562322
  type: 'test'
  ...
1..310
# tests 310
# suites 0
# pass 310
# fail 0
# cancelled 0
# skipped 0
# todo 0
# duration_ms 12814.448206
--- stderr ---
npm notice run leaf-check-ai-frontend@1.0.0 test
npm notice run node --import tsx --test tests/*.test.ts
npm notice run leaf-check-ai-frontend@1.0.0 typecheck
npm notice run tsc --noEmit
--- outcome passed (exit 0) ---
