Command: node --import tsx/esm --experimental-test-module-mocks --test /tmp/leafcheck-v1-smoke.mjs
Result: passed (exit 0)
TAP version 13
# (node:21044) ExperimentalWarning: Module mocking is an experimental feature and might change at any time
# (Use `node --trace-warnings ...` to show where the warning was created)
# POST /api/devices/claim: 400 INVALID_INPUT; generic error envelope, no database call.
# POST /api/devices/claim: 413 BODY_TOO_LARGE; generic error envelope, no database call.
# Subtest: claim endpoint rejects empty and oversized input without internal details
ok 1 - claim endpoint rejects empty and oversized input without internal details
  ---
  duration_ms: 88.047697
  type: 'test'
  ...
1..1
# tests 1
# suites 0
# pass 1
# fail 0
# cancelled 0
# skipped 0
# todo 0
# duration_ms 393.386973
