$ set -euo pipefail
cd frontend
node --import tsx --test tests/scanner-lifecycle.test.ts tests/scan-flow.test.ts tests/bottom-nav-regression.test.ts
npm run typecheck


--- stdout (runtime capture; redactions retained) ---
TAP version 13
# Subtest: flat pill and right-hand camera share a centerline, height and consistent spacing
ok 1 - flat pill and right-hand camera share a centerline, height and consistent spacing
  ---
  duration_ms: 262.560504
  type: 'test'
  ...
# Subtest: installed Router v57 clears retained plant/device targets on the untargeted Scan action
ok 2 - installed Router v57 clears retained plant/device targets on the untargeted Scan action
  ---
  duration_ms: 53.146104
  type: 'test'
  ...
# Subtest: patch failure retains report and retry only synchronizes
ok 3 - patch failure retains report and retry only synchronizes
  ---
  duration_ms: 12.505574
  type: 'test'
  ...
# Subtest: refetch retry skips a completed patch and guards duplicate scans
ok 4 - refetch retry skips a completed patch and guards duplicate scans
  ---
  duration_ms: 1.829461
  type: 'test'
  ...
# Subtest: cancelled scan suppresses late completion and never patches
ok 5 - cancelled scan suppresses late completion and never patches
  ---
  duration_ms: 0.848011
  type: 'test'
  ...
# Subtest: a scan for the wrong plant is rejected before any state mutation
ok 6 - a scan for the wrong plant is rejected before any state mutation
  ---
  duration_ms: 1.579224
  type: 'test'
  ...
# Subtest: a mismatched refreshed plant never enters the completed scan state
ok 7 - a mismatched refreshed plant never enters the completed scan state
  ---
  duration_ms: 2.052225
  type: 'test'
  ...
# Subtest: endSession is idempotent and clears successful and failed flow snapshots
ok 8 - endSession is idempotent and clears successful and failed flow snapshots
  ---
  duration_ms: 2.667333
  type: 'test'
  ...
# Subtest: closed scan resolve cannot alter or unlock a new pending scan
ok 9 - closed scan resolve cannot alter or unlock a new pending scan
  ---
  duration_ms: 1.75692
  type: 'test'
  ...
# Subtest: closed scan reject cannot alter or unlock a new pending scan
ok 10 - closed scan reject cannot alter or unlock a new pending scan
  ---
  duration_ms: 1.318296
  type: 'test'
  ...
# Subtest: closed update resolve cannot alter or unlock a new pending scan
ok 11 - closed update resolve cannot alter or unlock a new pending scan
  ---
  duration_ms: 1.111233
  type: 'test'
  ...
# Subtest: closed update reject cannot alter or unlock a new pending scan
ok 12 - closed update reject cannot alter or unlock a new pending scan
  ---
  duration_ms: 1.612891
  type: 'test'
  ...
# Subtest: closed fetch resolve cannot alter or unlock a new pending scan
ok 13 - closed fetch resolve cannot alter or unlock a new pending scan
  ---
  duration_ms: 0.905764
  type: 'test'
  ...
# Subtest: closed fetch reject cannot alter or unlock a new pending scan
ok 14 - closed fetch reject cannot alter or unlock a new pending scan
  ---
  duration_ms: 1.148767
  type: 'test'
  ...
# Subtest: scanner gates capture on readiness and blocks duplicate captures
ok 15 - scanner gates capture on readiness and blocks duplicate captures
  ---
  duration_ms: 561.312536
  type: 'test'
  ...
# Subtest: scanner preserves target forwarding and New Scan readiness
ok 16 - scanner preserves target forwarding and New Scan readiness
  ---
  duration_ms: 260.531893
  type: 'test'
  ...
# Subtest: missing and oversized camera payloads never reach the scan provider
ok 17 - missing and oversized camera payloads never reach the scan provider
  ---
  duration_ms: 353.632081
  type: 'test'
  ...
# Subtest: failed scan can Retake, and Retry Sync preserves diagnosis within the visit
ok 18 - failed scan can Retake, and Retry Sync preserves diagnosis within the visit
  ---
  duration_ms: 141.458105
  type: 'test'
  ...
# Subtest: guest, permission-denied, unfocused and background states cannot capture
ok 19 - guest, permission-denied, unfocused and background states cannot capture
  ---
  duration_ms: 89.619684
  type: 'test'
  ...
# Subtest: hook clears reports on route exit but preserves retry state across backgrounding
ok 20 - hook clears reports on route exit but preserves retry state across backgrounding
  ---
  duration_ms: 86.053113
  type: 'test'
  ...
# Subtest: hook unmount aborts an outstanding request and drops the transient report
ok 21 - hook unmount aborts an outstanding request and drops the transient report
  ---
  duration_ms: 122.580315
  type: 'test'
  ...
# Subtest: X clears failed photos and results Back permits three independent scan visits
ok 22 - X clears failed photos and results Back permits three independent scan visits
  ---
  duration_ms: 85.680729
  type: 'test'
  ...
# Subtest: X during capture: late resolve cannot unlock or replace the reopened capture
ok 23 - X during capture: late resolve cannot unlock or replace the reopened capture
  ---
  duration_ms: 71.266488
  type: 'test'
  ...
# Subtest: X during capture: late reject cannot unlock or replace the reopened capture
ok 24 - X during capture: late reject cannot unlock or replace the reopened capture
  ---
  duration_ms: 60.667766
  type: 'test'
  ...
# Subtest: leaving during scan: stale resolve produces no state or feedback in the next visit
ok 25 - leaving during scan: stale resolve produces no state or feedback in the next visit
  ---
  duration_ms: 58.046143
  type: 'test'
  ...
# Subtest: leaving during scan: stale reject produces no state or feedback in the next visit
ok 26 - leaving during scan: stale reject produces no state or feedback in the next visit
  ---
  duration_ms: 64.608328
  type: 'test'
  ...
# Subtest: leaving during update: stale resolve produces no state or feedback in the next visit
ok 27 - leaving during update: stale resolve produces no state or feedback in the next visit
  ---
  duration_ms: 54.615306
  type: 'test'
  ...
# Subtest: leaving during update: stale reject produces no state or feedback in the next visit
ok 28 - leaving during update: stale reject produces no state or feedback in the next visit
  ---
  duration_ms: 64.394662
  type: 'test'
  ...
# Subtest: leaving during fetch: stale resolve produces no state or feedback in the next visit
ok 29 - leaving during fetch: stale resolve produces no state or feedback in the next visit
  ---
  duration_ms: 78.909044
  type: 'test'
  ...
# Subtest: leaving during fetch: stale reject produces no state or feedback in the next visit
ok 30 - leaving during fetch: stale reject produces no state or feedback in the next visit
  ---
  duration_ms: 53.448384
  type: 'test'
  ...
# Subtest: old camera callbacks cannot ready or break a new preview; mount/permission recovery works
ok 31 - old camera callbacks cannot ready or break a new preview; mount/permission recovery works
  ---
  duration_ms: 67.775463
  type: 'test'
  ...
# Subtest: late permission rejection and unmounted capture cannot write into a later session
ok 32 - late permission rejection and unmounted capture cannot write into a later session
  ---
  duration_ms: 52.689746
  type: 'test'
  ...
# Subtest: untargeted reentry drops old route context and later targeted entry uses new context
ok 33 - untargeted reentry drops old route context and later targeted entry uses new context
  ---
  duration_ms: 63.53667
  type: 'test'
  ...
# Subtest: backgrounded capture cannot keep the foreground preview locked
ok 34 - backgrounded capture cannot keep the foreground preview locked
  ---
  duration_ms: 56.639907
  type: 'test'
  ...
# Subtest: development effect cleanup/setup replay leaves a readyable camera
ok 35 - development effect cleanup/setup replay leaves a readyable camera
  ---
  duration_ms: 54.650604
  type: 'test'
  ...
# Subtest: late Retry Sync finalizer cannot unlock a newly reopened capture
ok 36 - late Retry Sync finalizer cannot unlock a newly reopened capture
  ---
  duration_ms: 53.936101
  type: 'test'
  ...
1..36
# tests 36
# suites 0
# pass 36
# fail 0
# cancelled 0
# skipped 0
# todo 0
# duration_ms 4297.062041

--- stderr (runtime capture; redactions retained) ---
npm notice run leaf-check-ai-frontend@1.0.0 typecheck
npm notice run tsc --noEmit

--- outcome passed ---
