$ set -euo pipefail
cd frontend
node --import tsx --test tests/scan-flow.test.ts tests/scanner-lifecycle.test.ts
npm run typecheck


--- stdout (runtime capture; redactions retained) ---
TAP version 13
# Subtest: patch failure retains report and retry only synchronizes
ok 1 - patch failure retains report and retry only synchronizes
  ---
  duration_ms: 5.465399
  type: 'test'
  ...
# Subtest: refetch retry skips a completed patch and guards duplicate scans
ok 2 - refetch retry skips a completed patch and guards duplicate scans
  ---
  duration_ms: 1.82366
  type: 'test'
  ...
# Subtest: cancelled scan suppresses late completion and never patches
ok 3 - cancelled scan suppresses late completion and never patches
  ---
  duration_ms: 0.898238
  type: 'test'
  ...
# Subtest: a scan for the wrong plant is rejected before any state mutation
ok 4 - a scan for the wrong plant is rejected before any state mutation
  ---
  duration_ms: 1.275353
  type: 'test'
  ...
# Subtest: a mismatched refreshed plant never enters the completed scan state
ok 5 - a mismatched refreshed plant never enters the completed scan state
  ---
  duration_ms: 1.016128
  type: 'test'
  ...
# Subtest: endSession is idempotent and clears successful and failed flow snapshots
ok 6 - endSession is idempotent and clears successful and failed flow snapshots
  ---
  duration_ms: 2.205513
  type: 'test'
  ...
# Subtest: closed scan resolve cannot alter or unlock a new pending scan
ok 7 - closed scan resolve cannot alter or unlock a new pending scan
  ---
  duration_ms: 1.410506
  type: 'test'
  ...
# Subtest: closed scan reject cannot alter or unlock a new pending scan
ok 8 - closed scan reject cannot alter or unlock a new pending scan
  ---
  duration_ms: 0.708279
  type: 'test'
  ...
# Subtest: closed update resolve cannot alter or unlock a new pending scan
ok 9 - closed update resolve cannot alter or unlock a new pending scan
  ---
  duration_ms: 1.994332
  type: 'test'
  ...
# Subtest: closed update reject cannot alter or unlock a new pending scan
ok 10 - closed update reject cannot alter or unlock a new pending scan
  ---
  duration_ms: 1.400847
  type: 'test'
  ...
# Subtest: closed fetch resolve cannot alter or unlock a new pending scan
ok 11 - closed fetch resolve cannot alter or unlock a new pending scan
  ---
  duration_ms: 0.896495
  type: 'test'
  ...
# Subtest: closed fetch reject cannot alter or unlock a new pending scan
ok 12 - closed fetch reject cannot alter or unlock a new pending scan
  ---
  duration_ms: 0.772914
  type: 'test'
  ...
# Subtest: scanner gates capture on readiness and blocks duplicate captures
ok 13 - scanner gates capture on readiness and blocks duplicate captures
  ---
  duration_ms: 376.621122
  type: 'test'
  ...
# Subtest: scanner preserves target forwarding and New Scan readiness
ok 14 - scanner preserves target forwarding and New Scan readiness
  ---
  duration_ms: 267.781743
  type: 'test'
  ...
# Subtest: missing and oversized camera payloads never reach the scan provider
ok 15 - missing and oversized camera payloads never reach the scan provider
  ---
  duration_ms: 246.607795
  type: 'test'
  ...
# Subtest: failed scan can Retake, and Retry Sync preserves diagnosis within the visit
ok 16 - failed scan can Retake, and Retry Sync preserves diagnosis within the visit
  ---
  duration_ms: 119.08802
  type: 'test'
  ...
# Subtest: guest, permission-denied, unfocused and background states cannot capture
ok 17 - guest, permission-denied, unfocused and background states cannot capture
  ---
  duration_ms: 96.578433
  type: 'test'
  ...
# Subtest: hook clears reports on route exit but preserves retry state across backgrounding
ok 18 - hook clears reports on route exit but preserves retry state across backgrounding
  ---
  duration_ms: 115.219723
  type: 'test'
  ...
# Subtest: hook unmount aborts an outstanding request and drops the transient report
ok 19 - hook unmount aborts an outstanding request and drops the transient report
  ---
  duration_ms: 79.045129
  type: 'test'
  ...
# Subtest: X clears failed photos and results Back permits three independent scan visits
ok 20 - X clears failed photos and results Back permits three independent scan visits
  ---
  duration_ms: 101.547397
  type: 'test'
  ...
# Subtest: X during capture: late resolve cannot unlock or replace the reopened capture
ok 21 - X during capture: late resolve cannot unlock or replace the reopened capture
  ---
  duration_ms: 82.728231
  type: 'test'
  ...
# Subtest: X during capture: late reject cannot unlock or replace the reopened capture
ok 22 - X during capture: late reject cannot unlock or replace the reopened capture
  ---
  duration_ms: 82.181266
  type: 'test'
  ...
# Subtest: leaving during scan: stale resolve produces no state or feedback in the next visit
ok 23 - leaving during scan: stale resolve produces no state or feedback in the next visit
  ---
  duration_ms: 74.746374
  type: 'test'
  ...
# Subtest: leaving during scan: stale reject produces no state or feedback in the next visit
ok 24 - leaving during scan: stale reject produces no state or feedback in the next visit
  ---
  duration_ms: 83.227354
  type: 'test'
  ...
# Subtest: leaving during update: stale resolve produces no state or feedback in the next visit
ok 25 - leaving during update: stale resolve produces no state or feedback in the next visit
  ---
  duration_ms: 71.931983
  type: 'test'
  ...
# Subtest: leaving during update: stale reject produces no state or feedback in the next visit
ok 26 - leaving during update: stale reject produces no state or feedback in the next visit
  ---
  duration_ms: 86.02022
  type: 'test'
  ...
# Subtest: leaving during fetch: stale resolve produces no state or feedback in the next visit
ok 27 - leaving during fetch: stale resolve produces no state or feedback in the next visit
  ---
  duration_ms: 71.093191
  type: 'test'
  ...
# Subtest: leaving during fetch: stale reject produces no state or feedback in the next visit
ok 28 - leaving during fetch: stale reject produces no state or feedback in the next visit
  ---
  duration_ms: 92.453604
  type: 'test'
  ...
# Subtest: old camera callbacks cannot ready or break a new preview; mount/permission recovery works
ok 29 - old camera callbacks cannot ready or break a new preview; mount/permission recovery works
  ---
  duration_ms: 79.093115
  type: 'test'
  ...
# Subtest: late permission rejection and unmounted capture cannot write into a later session
ok 30 - late permission rejection and unmounted capture cannot write into a later session
  ---
  duration_ms: 59.985418
  type: 'test'
  ...
# Subtest: untargeted reentry drops old route context and later targeted entry uses new context
ok 31 - untargeted reentry drops old route context and later targeted entry uses new context
  ---
  duration_ms: 68.17856
  type: 'test'
  ...
# Subtest: backgrounded capture cannot keep the foreground preview locked
ok 32 - backgrounded capture cannot keep the foreground preview locked
  ---
  duration_ms: 64.774151
  type: 'test'
  ...
# Subtest: development effect cleanup/setup replay leaves a readyable camera
ok 33 - development effect cleanup/setup replay leaves a readyable camera
  ---
  duration_ms: 50.267702
  type: 'test'
  ...
# Subtest: late Retry Sync finalizer cannot unlock a newly reopened capture
ok 34 - late Retry Sync finalizer cannot unlock a newly reopened capture
  ---
  duration_ms: 56.78495
  type: 'test'
  ...
1..34
# tests 34
# suites 0
# pass 34
# fail 0
# cancelled 0
# skipped 0
# todo 0
# duration_ms 3354.374126

--- stderr (runtime capture; redactions retained) ---
npm notice run leaf-check-ai-frontend@1.0.0 typecheck
npm notice run tsc --noEmit

--- outcome passed ---
