$ set -euo pipefail
npm test --workspace=frontend
npm run typecheck --workspace=frontend


--- stdout (runtime capture; redactions retained) ---
TAP version 13
# Subtest: plant creation and deletion use normalized payloads, parsed responses and empty 204
ok 1 - plant creation and deletion use normalized payloads, parsed responses and empty 204
  ---
  duration_ms: 89.754657
  type: 'test'
  ...
# Subtest: plant mutations validate inputs and preserve API errors
ok 2 - plant mutations validate inputs and preserve API errors
  ---
  duration_ms: 11.093144
  type: 'test'
  ...
# Subtest: URL environment precedence and platform defaults
ok 3 - URL environment precedence and platform defaults
  ---
  duration_ms: 0.998114
  type: 'test'
  ...
# Subtest: plant updates trim fields, preserve clearing and moisture bounds, and attach bearer [redacted]
ok 4 - plant updates trim fields, preserve clearing and moisture bounds, and attach bearer [redacted]
  ---
  duration_ms: 8.880015
  type: 'test'
  ...
# Subtest: plant updates reject invalid fields and propagate missing plants
ok 5 - plant updates reject invalid fields and propagate missing plants
  ---
  duration_ms: 16.208813
  type: 'test'
  ...
# Subtest: all seven operations use correct routes and bodies
ok 6 - all seven operations use correct routes and bodies
  ---
  duration_ms: 33.131553
  type: 'test'
  ...
# Subtest: only latest 404 becomes null
ok 7 - only latest 404 becomes null
  ---
  duration_ms: 9.054546
  type: 'test'
  ...
# Subtest: nested validation rejects invalid data instead of manufacturing defaults
ok 8 - nested validation rejects invalid data instead of manufacturing defaults
  ---
  duration_ms: 9.483992
  type: 'test'
  ...
# Subtest: network, invalid JSON, timeout and external cancellation are typed
ok 9 - network, invalid JSON, timeout and external cancellation are typed
  ---
  duration_ms: 51.821405
  type: 'test'
  ...
# Subtest: flat pill and right-hand camera share a centerline, height and consistent spacing
ok 10 - flat pill and right-hand camera share a centerline, height and consistent spacing
  ---
  duration_ms: 375.246349
  type: 'test'
  ...
# Subtest: installed Router v57 clears retained plant/device targets on the untargeted Scan action
ok 11 - installed Router v57 clears retained plant/device targets on the untargeted Scan action
  ---
  duration_ms: 110.897605
  type: 'test'
  ...
# Subtest: task mutation cancellation rejects even when transport ignores abort and returns late
ok 12 - task mutation cancellation rejects even when transport ignores abort and returns late
  ---
  duration_ms: 170.036095
  type: 'test'
  ...
# Subtest: already cancelled task mutation never reaches transport
ok 13 - already cancelled task mutation never reaches transport
  ---
  duration_ms: 2.941044
  type: 'test'
  ...
# Subtest: task mutation retains the full list and confirmed write when reload fails
ok 14 - task mutation retains the full list and confirmed write when reload fails
  ---
  duration_ms: 351.945202
  type: 'test'
  ...
# Subtest: task mutation aborts on blur and ignores a late success
ok 15 - task mutation aborts on blur and ignores a late success
  ---
  duration_ms: 157.389838
  type: 'test'
  ...
# Subtest: task mutation aborts on background and ignores a late success
ok 16 - task mutation aborts on background and ignores a late success
  ---
  duration_ms: 109.769076
  type: 'test'
  ...
# Subtest: task mutation aborts on unmount and ignores a late success
ok 17 - task mutation aborts on unmount and ignores a late success
  ---
  duration_ms: 83.6431
  type: 'test'
  ...
# Subtest: task mutation locks duplicate taps and does not confirm a failed write
ok 18 - task mutation locks duplicate taps and does not confirm a failed write
  ---
  duration_ms: 115.059136
  type: 'test'
  ...
# Subtest: authoritative GET retires confirmed overlays, including after another failed reload
ok 19 - authoritative GET retires confirmed overlays, including after another failed reload
  ---
  duration_ms: 181.377512
  type: 'test'
  ...
# Subtest: blur cancellation revalidates before settlement and late finally cannot unlock a newer mutation
ok 20 - blur cancellation revalidates before settlement and late finally cannot unlock a newer mutation
  ---
  duration_ms: 102.003131
  type: 'test'
  ...
# Subtest: a GET published between the synchronous mutation lock and effect cleanup cannot overwrite confirmation
ok 21 - a GET published between the synchronous mutation lock and effect cleanup cannot overwrite confirmation
  ---
  duration_ms: 92.747815
  type: 'test'
  ...
# Subtest: server tasks merge by urgency and due date, preserve completion and omit skipped/deleted targets
ok 22 - server tasks merge by urgency and due date, preserve completion and omit skipped/deleted targets
  ---
  duration_ms: 8.161205
  type: 'test'
  ...
# Subtest: aggregates all plants, prioritizes urgent recommendations, and does not invent healthy readings
ok 23 - aggregates all plants, prioritizes urgent recommendations, and does not invent healthy readings
  ---
  duration_ms: 1.378524
  type: 'test'
  ...
# Subtest: saved schedules group overdue/today separately from future checks and preserve reminder time
ok 24 - saved schedules group overdue/today separately from future checks and preserve reminder time
  ---
  duration_ms: 8.047527
  type: 'test'
  ...
# Subtest: completion is idempotent, recurring checks advance, undo restores occurrence
ok 25 - completion is idempotent, recurring checks advance, undo restores occurrence
  ---
  duration_ms: 4.120582
  type: 'test'
  ...
# Subtest: one-off tasks stay complete; updated versions renew tasks; deleted plants leave the hub
ok 26 - one-off tasks stay complete; updated versions renew tasks; deleted plants leave the hub
  ---
  duration_ms: 2.9333
  type: 'test'
  ...
# Subtest: legacy local state migrates completions; invalid history fails closed
ok 27 - legacy local state migrates completions; invalid history fails closed
  ---
  duration_ms: 8.797426
  type: 'test'
  ...
# Subtest: completions survive remount, stay account-scoped, and failed writes do not check off tasks
ok 28 - completions survive remount, stay account-scoped, and failed writes do not check off tasks
  ---
  duration_ms: 7.815172
  type: 'test'
  ...
# Subtest: hardware widget persists with 0 sensors and working entry points
ok 29 - hardware widget persists with 0 sensors and working entry points
  ---
  duration_ms: 314.9056
  type: 'test'
  ...
# Subtest: hardware widget persists with 1 sensors and working entry points
ok 30 - hardware widget persists with 1 sensors and working entry points
  ---
  duration_ms: 75.975765
  type: 'test'
  ...
# Subtest: hardware widget persists with 2 sensors and working entry points
ok 31 - hardware widget persists with 2 sensors and working entry points
  ---
  duration_ms: 51.142406
  type: 'test'
  ...
# Subtest: dashboard keeps both quick actions and hardware widget for 0 sensors
ok 32 - dashboard keeps both quick actions and hardware widget for 0 sensors
  ---
  duration_ms: 175.434181
  type: 'test'
  ...
# Subtest: dashboard keeps both quick actions and hardware widget for 2 sensors
ok 33 - dashboard keeps both quick actions and hardware widget for 2 sensors
  ---
  duration_ms: 152.438008
  type: 'test'
  ...
# Subtest: dashboard retains initial loading and retry without fabricating AI content
ok 34 - dashboard retains initial loading and retry without fabricating AI content
  ---
  duration_ms: 2.945273
  type: 'test'
  ...
# Subtest: loaded collections do not recreate the removed garden summary
ok 35 - loaded collections do not recreate the removed garden summary
  ---
  duration_ms: 0.480816
  type: 'test'
  ...
# Subtest: overview status distinguishes refresh and failed refresh
ok 36 - overview status distinguishes refresh and failed refresh
  ---
  duration_ms: 0.398847
  type: 'test'
  ...
# Subtest: guest messaging stays local and does not promise guest AI scans
ok 37 - guest messaging stays local and does not promise guest AI scans
  ---
  duration_ms: 0.634105
  type: 'test'
  ...
# Subtest: sensor alerts do not infer missing hardware from incomplete collections
ok 38 - sensor alerts do not infer missing hardware from incomplete collections
  ---
  duration_ms: 0.768316
  type: 'test'
  ...
# Subtest: missing sensor links keep hardware optional and pairing unavailable
ok 39 - missing sensor links keep hardware optional and pairing unavailable
  ---
  duration_ms: 1.198122
  type: 'test'
  ...
# Subtest: a saved sensor link is not presented as a live observation
ok 40 - a saved sensor link is not presented as a live observation
  ---
  duration_ms: 1.087506
  type: 'test'
  ...
# Subtest: demo-only and mixed collections explicitly distinguish simulated telemetry
ok 41 - demo-only and mixed collections explicitly distinguish simulated telemetry
  ---
  duration_ms: 0.835296
  type: 'test'
  ...
# Subtest: device activity uses Router focus without a standalone navigation provider
ok 42 - device activity uses Router focus without a standalone navigation provider
  ---
  duration_ms: 223.812424
  type: 'test'
  ...
# Subtest: device activity stays paused in background or inactive and resumes only when focused
ok 43 - device activity stays paused in background or inactive and resumes only when focused
  ---
  duration_ms: 38.49753
  type: 'test'
  ...
# Subtest: web visibility gates device work and both listeners are removed
ok 44 - web visibility gates device work and both listeners are removed
  ---
  duration_ms: 27.546462
  type: 'test'
  ...
# Subtest: web assignment buttons announce selected=false and disabled=false, contextual=false
ok 45 - web assignment buttons announce selected=false and disabled=false, contextual=false
  ---
  duration_ms: 434.884243
  type: 'test'
  ...
# Subtest: web assignment buttons announce selected=false and disabled=true, contextual=false
ok 46 - web assignment buttons announce selected=false and disabled=true, contextual=false
  ---
  duration_ms: 150.25464
  type: 'test'
  ...
# Subtest: web assignment buttons announce selected=true and disabled=false, contextual=false
ok 47 - web assignment buttons announce selected=true and disabled=false, contextual=false
  ---
  duration_ms: 177.802684
  type: 'test'
  ...
# Subtest: web assignment buttons announce selected=true and disabled=true, contextual=false
ok 48 - web assignment buttons announce selected=true and disabled=true, contextual=false
  ---
  duration_ms: 133.274001
  type: 'test'
  ...
# Subtest: web assignment buttons announce selected=false and disabled=false, contextual=true
ok 49 - web assignment buttons announce selected=false and disabled=false, contextual=true
  ---
  duration_ms: 102.159297
  type: 'test'
  ...
# Subtest: web assignment buttons announce selected=false and disabled=true, contextual=true
ok 50 - web assignment buttons announce selected=false and disabled=true, contextual=true
  ---
  duration_ms: 65.29929
  type: 'test'
  ...
# Subtest: web assignment buttons announce selected=true and disabled=false, contextual=true
ok 51 - web assignment buttons announce selected=true and disabled=false, contextual=true
  ---
  duration_ms: 89.24077
  type: 'test'
  ...
# Subtest: web assignment buttons announce selected=true and disabled=true, contextual=true
ok 52 - web assignment buttons announce selected=true and disabled=true, contextual=true
  ---
  duration_ms: 105.077705
  type: 'test'
  ...
# (node:64402) ExperimentalWarning: The MockTimers API is an experimental feature and might change at any time
# (Use `node --trace-warnings ...` to show where the warning was created)
# Subtest: actual assignment handler coalesces double taps and saves the locked target
ok 53 - actual assignment handler coalesces double taps and saves the locked target
  ---
  duration_ms: 588.040738
  type: 'test'
  ...
# Subtest: actual assignment rejects queued work after cancel
ok 54 - actual assignment rejects queued work after cancel
  ---
  duration_ms: 142.697988
  type: 'test'
  ...
# Subtest: actual assignment rejects queued work after blur
ok 55 - actual assignment rejects queued work after blur
  ---
  duration_ms: 152.588441
  type: 'test'
  ...
# Subtest: actual assignment rejects queued work after unmount
ok 56 - actual assignment rejects queued work after unmount
  ---
  duration_ms: 135.416373
  type: 'test'
  ...
# Subtest: actual assignment rejects queued work after deleted target
ok 57 - actual assignment rejects queued work after deleted target
  ---
  duration_ms: 123.798729
  type: 'test'
  ...
# Subtest: actual assignment rejects queued work after changed target
ok 58 - actual assignment rejects queued work after changed target
  ---
  duration_ms: 86.028113
  type: 'test'
  ...
# Subtest: cancel after the storage commit starts permits that save but suppresses navigation
ok 59 - cancel after the storage commit starts permits that save but suppresses navigation
  ---
  duration_ms: 52.406887
  type: 'test'
  ...
# Subtest: management removal preserves all devices on failure and removes only its ID on retry
ok 60 - management removal preserves all devices on failure and removes only its ID on retry
  ---
  duration_ms: 48.800025
  type: 'test'
  ...
# Subtest: success uses persisted identity and destination, not a forged targetName
ok 61 - success uses persisted identity and destination, not a forged targetName
  ---
  duration_ms: 33.944766
  type: 'test'
  ...
# Subtest: actual local provider fences a session change when queued
ok 62 - actual local provider fences a session change when queued
  ---
  duration_ms: 54.407621
  type: 'test'
  ...
# Subtest: actual local provider fences a session change when commit started
ok 63 - actual local provider fences a session change when commit started
  ---
  duration_ms: 34.282526
  type: 'test'
  ...
# (node:64409) ExperimentalWarning: The MockTimers API is an experimental feature and might change at any time
# (Use `node --trace-warnings ...` to show where the warning was created)
# Subtest: discovery contains only uniquely identified mock nodes and rejects invalid route parameters
ok 64 - discovery contains only uniquely identified mock nodes and rejects invalid route parameters
  ---
  duration_ms: 2.387497
  type: 'test'
  ...
# Subtest: assignment supports existing spaces and plants without mutating sensor links
ok 65 - assignment supports existing spaces and plants without mutating sensor links
  ---
  duration_ms: 13.234303
  type: 'test'
  ...
# Subtest: existing v1 state stays valid; malformed mock assignments fail closed
ok 66 - existing v1 state stays valid; malformed mock assignments fail closed
  ---
  duration_ms: 2.06492
  type: 'test'
  ...
# Subtest: completed assignments survive reload and remain isolated from other accounts and guests
ok 67 - completed assignments survive reload and remain isolated from other accounts and guests
  ---
  duration_ms: 9.137576
  type: 'test'
  ...
# Subtest: failed persistence does not publish a successful connection and retry succeeds
ok 68 - failed persistence does not publish a successful connection and retry succeeds
  ---
  duration_ms: 2.117211
  type: 'test'
  ...
# Subtest: mock delays finish only after their timeout
ok 69 - mock delays finish only after their timeout
  ---
  duration_ms: 7.294038
  type: 'test'
  ...
# Subtest: cancelled and already-aborted mock work never completes
ok 70 - cancelled and already-aborted mock work never completes
  ---
  duration_ms: 2.345558
  type: 'test'
  ...
# Subtest: a cancelled queued assignment never writes and the queue remains usable
ok 71 - a cancelled queued assignment never writes and the queue remains usable
  ---
  duration_ms: 8.655288
  type: 'test'
  ...
# Subtest: invalid persisted mock assignment blocks loading and preserves stored data
ok 72 - invalid persisted mock assignment blocks loading and preserves stored data
  ---
  duration_ms: 13.458649
  type: 'test'
  ...
# Subtest: legacy single connection migrates once without resurrecting removed devices
ok 73 - legacy single connection migrates once without resurrecting removed devices
  ---
  duration_ms: 1.17093
  type: 'test'
  ...
# Subtest: multiple sensors append, reassignment replaces only the matching identity
ok 74 - multiple sensors append, reassignment replaces only the matching identity
  ---
  duration_ms: 0.945531
  type: 'test'
  ...
# Subtest: device collections fail closed on corrupt, duplicate, or spoofed live entries
ok 75 - device collections fail closed on corrupt, duplicate, or spoofed live entries
  ---
  duration_ms: 19.021037
  type: 'test'
  ...
# Subtest: contextual targets lock selection and invalid or deleted destinations never fall back
ok 76 - contextual targets lock selection and invalid or deleted destinations never fall back
  ---
  duration_ms: 0.990198
  type: 'test'
  ...
# Subtest: concurrent pairing preserves multiple sensors across reload and removal
ok 77 - concurrent pairing preserves multiple sensors across reload and removal
  ---
  duration_ms: 17.161517
  type: 'test'
  ...
# Subtest: connection diagnostics are replaced entirely with the standard message
ok 78 - connection diagnostics are replaced entirely with the standard message
  ---
  duration_ms: 4.182371
  type: 'test'
  ...
# Subtest: API normalization preserves kinds, status and diagnostic details, not network text
ok 79 - API normalization preserves kinds, status and diagnostic details, not network text
  ---
  duration_ms: 0.876907
  type: 'test'
  ...
# Subtest: validation, credential, cancellation and informational messages remain useful
ok 80 - validation, credential, cancellation and informational messages remain useful
  ---
  duration_ms: 0.670395
  type: 'test'
  ...
# Subtest: login, registration and collection requests sanitize rejected transports and API diagnostics
ok 81 - login, registration and collection requests sanitize rejected transports and API diagnostics
  ---
  duration_ms: 87.963801
  type: 'test'
  ...
# Subtest: request timeouts use the same connection message
ok 82 - request timeouts use the same connection message
  ---
  duration_ms: 23.186835
  type: 'test'
  ...
# Subtest: garden search matches name, species and location without mutating either view
ok 83 - garden search matches name, species and location without mutating either view
  ---
  duration_ms: 8.183051
  type: 'test'
  ...
# Subtest: tab layout exposes only three primary tabs and retains hidden compatibility routes
ok 84 - tab layout exposes only three primary tabs and retains hidden compatibility routes
  ---
  duration_ms: 285.629099
  type: 'test'
  ...
# Subtest: custom tab bar stays visible on content routes and hides on scan routes
ok 85 - custom tab bar stays visible on content routes and hides on scan routes
  ---
  duration_ms: 32.130616
  type: 'test'
  ...
# Subtest: bottom navigation emits tab events, respects prevention and keeps Scan an action
ok 86 - bottom navigation emits tab events, respects prevention and keeps Scan an action
  ---
  duration_ms: 139.281968
  type: 'test'
  ...
# Subtest: legacy camera redirect preserves target params; notifications lead to actionable tasks
ok 87 - legacy camera redirect preserves target params; notifications lead to actionable tasks
  ---
  duration_ms: 20.618666
  type: 'test'
  ...
# Subtest: dashboard puts plant overview directly after hardware and AI summary last
ok 88 - dashboard puts plant overview directly after hardware and AI summary last
  ---
  duration_ms: 1.359296
  type: 'test'
  ...
# Subtest: new state hydrates without writing defaults
ok 89 - new state hydrates without writing defaults
  ---
  duration_ms: 18.793233
  type: 'test'
  ...
# Subtest: account keys cannot overlap guest or other accounts
ok 90 - account keys cannot overlap guest or other accounts
  ---
  duration_ms: 0.669964
  type: 'test'
  ...
# Subtest: serialized updates and remounted stores preserve independent changes
ok 91 - serialized updates and remounted stores preserve independent changes
  ---
  duration_ms: 3.788496
  type: 'test'
  ...
# Subtest: corrupt and future-version data are not overwritten
ok 92 - corrupt and future-version data are not overwritten
  ---
  duration_ms: 3.514661
  type: 'test'
  ...
# Subtest: failed write keeps committed state and queue remains usable
ok 93 - failed write keeps committed state and queue remains usable
  ---
  duration_ms: 1.784414
  type: 'test'
  ...
# Subtest: complete setup and care schedule survive a new store
ok 94 - complete setup and care schedule survive a new store
  ---
  duration_ms: 8.412065
  type: 'test'
  ...
# Subtest: invalid choices, duplicate spaces, and impossible steps fail validation
ok 95 - invalid choices, duplicate spaces, and impossible steps fail validation
  ---
  duration_ms: 2.568139
  type: 'test'
  ...
# Subtest: care defaults vary by plant and light and reject unsafe input ranges
ok 96 - care defaults vary by plant and light and reject unsafe input ranges
  ---
  duration_ms: 2.078335
  type: 'test'
  ...
# Subtest: missing navigation defaults to focused on initial and telemetry re-renders
ok 97 - missing navigation defaults to focused on initial and telemetry re-renders
  ---
  duration_ms: 290.980375
  type: 'test'
  ...
# Subtest: navigation focus and blur are observed and both listeners are cleaned up
ok 98 - navigation focus and blur are observed and both listeners are cleaned up
  ---
  duration_ms: 42.940979
  type: 'test'
  ...
# Subtest: plant care view renders saved guidance, missing-data warning and history without interpreting HTML
ok 99 - plant care view renders saved guidance, missing-data warning and history without interpreting HTML
  ---
  duration_ms: 322.33478
  type: 'test'
  ...
# Subtest: plant care view labels stale readings and does not invent a diagnosis for an unscanned plant
ok 100 - plant care view labels stale readings and does not invent a diagnosis for an unscanned plant
  ---
  duration_ms: 127.711315
  type: 'test'
  ...
# Subtest: telemetry guidance distinguishes fresh, stale, missing, failed, simulated and unverified data
ok 101 - telemetry guidance distinguishes fresh, stale, missing, failed, simulated and unverified data
  ---
  duration_ms: 2.767918
  type: 'test'
  ...
# Subtest: guidance selects the latest diagnosis and pending tasks only for the requested plant
ok 102 - guidance selects the latest diagnosis and pending tasks only for the requested plant
  ---
  duration_ms: 2.033648
  type: 'test'
  ...
# Subtest: guidance API includes an encoded plant filter and preserves unfiltered history
ok 103 - guidance API includes an encoded plant filter and preserves unfiltered history
  ---
  duration_ms: 63.582682
  type: 'test'
  ...
# Subtest: refresh coalesces, stop aborts, late results are suppressed
ok 104 - refresh coalesces, stop aborts, late results are suppressed
  ---
  duration_ms: 13.00231
  type: 'test'
  ...
# Subtest: restart fences old failures and publishes new data
ok 105 - restart fences old failures and publishes new data
  ---
  duration_ms: 11.905425
  type: 'test'
  ...
# Subtest: active frontend source uses Router-provided navigation modules
ok 106 - active frontend source uses Router-provided navigation modules
  ---
  duration_ms: 565.627117
  type: 'test'
  ...
# Subtest: current no-plant codes and legacy provider JSON become helpful guidance
ok 107 - current no-plant codes and legacy provider JSON become helpful guidance
  ---
  duration_ms: 12.264726
  type: 'test'
  ...
# Subtest: scan failures have actionable messages without diagnostic passthrough
ok 108 - scan failures have actionable messages without diagnostic passthrough
  ---
  duration_ms: 4.723564
  type: 'test'
  ...
# Subtest: provider configuration failures are not mistaken for user authentication or bad photos
ok 109 - provider configuration failures are not mistaken for user authentication or bad photos
  ---
  duration_ms: 0.964167
  type: 'test'
  ...
# Subtest: patch failure retains report and retry only synchronizes
ok 110 - patch failure retains report and retry only synchronizes
  ---
  duration_ms: 4.196139
  type: 'test'
  ...
# Subtest: refetch retry skips a completed patch and guards duplicate scans
ok 111 - refetch retry skips a completed patch and guards duplicate scans
  ---
  duration_ms: 1.461665
  type: 'test'
  ...
# Subtest: cancelled scan suppresses late completion and never patches
ok 112 - cancelled scan suppresses late completion and never patches
  ---
  duration_ms: 0.751192
  type: 'test'
  ...
# Subtest: a scan for the wrong plant is rejected before any state mutation
ok 113 - a scan for the wrong plant is rejected before any state mutation
  ---
  duration_ms: 0.92497
  type: 'test'
  ...
# Subtest: a mismatched refreshed plant never enters the completed scan state
ok 114 - a mismatched refreshed plant never enters the completed scan state
  ---
  duration_ms: 1.431877
  type: 'test'
  ...
# Subtest: endSession is idempotent and clears successful and failed flow snapshots
ok 115 - endSession is idempotent and clears successful and failed flow snapshots
  ---
  duration_ms: 2.796674
  type: 'test'
  ...
# Subtest: closed scan resolve cannot alter or unlock a new pending scan
ok 116 - closed scan resolve cannot alter or unlock a new pending scan
  ---
  duration_ms: 2.1832
  type: 'test'
  ...
# Subtest: closed scan reject cannot alter or unlock a new pending scan
ok 117 - closed scan reject cannot alter or unlock a new pending scan
  ---
  duration_ms: 1.229824
  type: 'test'
  ...
# Subtest: closed update resolve cannot alter or unlock a new pending scan
ok 118 - closed update resolve cannot alter or unlock a new pending scan
  ---
  duration_ms: 1.561269
  type: 'test'
  ...
# Subtest: closed update reject cannot alter or unlock a new pending scan
ok 119 - closed update reject cannot alter or unlock a new pending scan
  ---
  duration_ms: 1.832999
  type: 'test'
  ...
# Subtest: closed fetch resolve cannot alter or unlock a new pending scan
ok 120 - closed fetch resolve cannot alter or unlock a new pending scan
  ---
  duration_ms: 2.533
  type: 'test'
  ...
# Subtest: closed fetch reject cannot alter or unlock a new pending scan
ok 121 - closed fetch reject cannot alter or unlock a new pending scan
  ---
  duration_ms: 1.161151
  type: 'test'
  ...
# Subtest: scanner gates capture on readiness and blocks duplicate captures
ok 122 - scanner gates capture on readiness and blocks duplicate captures
  ---
  duration_ms: 383.086853
  type: 'test'
  ...
# Subtest: scanner preserves target forwarding and New Scan readiness
ok 123 - scanner preserves target forwarding and New Scan readiness
  ---
  duration_ms: 133.362266
  type: 'test'
  ...
# Subtest: missing and oversized camera payloads never reach the scan provider
ok 124 - missing and oversized camera payloads never reach the scan provider
  ---
  duration_ms: 173.608709
  type: 'test'
  ...
# Subtest: failed scan can Retake, and Retry Sync preserves diagnosis within the visit
ok 125 - failed scan can Retake, and Retry Sync preserves diagnosis within the visit
  ---
  duration_ms: 76.022065
  type: 'test'
  ...
# Subtest: guest, permission-denied, unfocused and background states cannot capture
ok 126 - guest, permission-denied, unfocused and background states cannot capture
  ---
  duration_ms: 76.44524
  type: 'test'
  ...
# Subtest: hook clears reports on route exit but preserves retry state across backgrounding
ok 127 - hook clears reports on route exit but preserves retry state across backgrounding
  ---
  duration_ms: 74.676506
  type: 'test'
  ...
# Subtest: hook unmount aborts an outstanding request and drops the transient report
ok 128 - hook unmount aborts an outstanding request and drops the transient report
  ---
  duration_ms: 60.846374
  type: 'test'
  ...
# Subtest: X clears failed photos and results Back permits three independent scan visits
ok 129 - X clears failed photos and results Back permits three independent scan visits
  ---
  duration_ms: 84.435495
  type: 'test'
  ...
# Subtest: X during capture: late resolve cannot unlock or replace the reopened capture
ok 130 - X during capture: late resolve cannot unlock or replace the reopened capture
  ---
  duration_ms: 69.72167
  type: 'test'
  ...
# Subtest: X during capture: late reject cannot unlock or replace the reopened capture
ok 131 - X during capture: late reject cannot unlock or replace the reopened capture
  ---
  duration_ms: 63.845531
  type: 'test'
  ...
# Subtest: leaving during scan: stale resolve produces no state or feedback in the next visit
ok 132 - leaving during scan: stale resolve produces no state or feedback in the next visit
  ---
  duration_ms: 127.734912
  type: 'test'
  ...
# Subtest: leaving during scan: stale reject produces no state or feedback in the next visit
ok 133 - leaving during scan: stale reject produces no state or feedback in the next visit
  ---
  duration_ms: 79.159523
  type: 'test'
  ...
# Subtest: leaving during update: stale resolve produces no state or feedback in the next visit
ok 134 - leaving during update: stale resolve produces no state or feedback in the next visit
  ---
  duration_ms: 60.989282
  type: 'test'
  ...
# Subtest: leaving during update: stale reject produces no state or feedback in the next visit
ok 135 - leaving during update: stale reject produces no state or feedback in the next visit
  ---
  duration_ms: 65.623534
  type: 'test'
  ...
# Subtest: leaving during fetch: stale resolve produces no state or feedback in the next visit
ok 136 - leaving during fetch: stale resolve produces no state or feedback in the next visit
  ---
  duration_ms: 75.542151
  type: 'test'
  ...
# Subtest: leaving during fetch: stale reject produces no state or feedback in the next visit
ok 137 - leaving during fetch: stale reject produces no state or feedback in the next visit
  ---
  duration_ms: 55.420222
  type: 'test'
  ...
# Subtest: old camera callbacks cannot ready or break a new preview; mount/permission recovery works
ok 138 - old camera callbacks cannot ready or break a new preview; mount/permission recovery works
  ---
  duration_ms: 58.384452
  type: 'test'
  ...
# Subtest: late permission rejection and unmounted capture cannot write into a later session
ok 139 - late permission rejection and unmounted capture cannot write into a later session
  ---
  duration_ms: 58.676831
  type: 'test'
  ...
# Subtest: untargeted reentry drops old route context and later targeted entry uses new context
ok 140 - untargeted reentry drops old route context and later targeted entry uses new context
  ---
  duration_ms: 62.577915
  type: 'test'
  ...
# Subtest: backgrounded capture cannot keep the foreground preview locked
ok 141 - backgrounded capture cannot keep the foreground preview locked
  ---
  duration_ms: 61.299006
  type: 'test'
  ...
# Subtest: development effect cleanup/setup replay leaves a readyable camera
ok 142 - development effect cleanup/setup replay leaves a readyable camera
  ---
  duration_ms: 53.804105
  type: 'test'
  ...
# Subtest: late Retry Sync finalizer cannot unlock a newly reopened capture
ok 143 - late Retry Sync finalizer cannot unlock a newly reopened capture
  ---
  duration_ms: 58.757698
  type: 'test'
  ...
# Subtest: logout during refresh discards late rotation and clears secure credential
ok 144 - logout during refresh discards late rotation and clears secure credential
  ---
  duration_ms: 73.180946
  type: 'test'
  ...
# Subtest: secure storage read failure is explicit, retryable, and never reaches network
ok 145 - secure storage read failure is explicit, retryable, and never reaches network
  ---
  duration_ms: 3.536745
  type: 'test'
  ...
# Subtest: login 401 is not refreshed, password whitespace survives, account switch broadcasts
ok 146 - login 401 is not refreshed, password whitespace survives, account switch broadcasts
  ---
  duration_ms: 4.267255
  type: 'test'
  ...
# Subtest: browser coordinators use the same exclusive lock across tabs
ok 147 - browser coordinators use the same exclusive lock across tabs
  ---
  duration_ms: 30.164629
  type: 'test'
  ...
# Subtest: native restore persists rotation before profile and publishes only validated identity
ok 148 - native restore persists rotation before profile and publishes only validated identity
  ---
  duration_ms: 60.64902
  type: 'test'
  ...
# Subtest: browser bootstrap uses empty JSON, CSRF, cookies and no bearer [redacted] token [redacted]
ok 149 - browser bootstrap uses empty JSON, CSRF, cookies and no bearer [redacted] token [redacted]
  ---
  duration_ms: 3.300485
  type: 'test'
  ...
# Subtest: concurrent 401s single-flight refresh; cancelling a waiter does not abort rotation
ok 150 - concurrent 401s single-flight refresh; cancelling a waiter does not abort rotation
  ---
  duration_ms: 12.534981
  type: 'test'
  ...
# Subtest: late stale 401 reuses newer token [redacted] a second rotation
ok 151 - late stale 401 reuses newer token [redacted] a second rotation
  ---
  duration_ms: 12.034777
  type: 'test'
  ...
# Subtest: 403 and network mutation failures do not refresh or retry
ok 152 - 403 and network mutation failures do not refresh or retry
  ---
  duration_ms: 4.900219
  type: 'test'
  ...
# Subtest: retry is bounded to one, and repeated 401 invalidates session
ok 153 - retry is bounded to one, and repeated 401 invalidates session
  ---
  duration_ms: 7.128287
  type: 'test'
  ...
# Subtest: ambiguous native rotation failure erases consumed credential and does not retry
ok 154 - ambiguous native rotation failure erases consumed credential and does not retry
  ---
  duration_ms: 39.334999
  type: 'test'
  ...
# Subtest: SecureStore write failure never publishes access token
ok 155 - SecureStore write failure never publishes access token
  ---
  duration_ms: 8.045133
  type: 'test'
  ...
# Subtest: transient profile failure retains rotated credential and retries profile only
ok 156 - transient profile failure retains rotated credential and retries profile only
  ---
  duration_ms: 4.297174
  type: 'test'
  ...
# Subtest: logout cancels pending private request, accepts 204, and guest cannot hit private API
ok 157 - logout cancels pending private request, accepts 204, and guest cannot hit private API
  ---
  duration_ms: 5.347971
  type: 'test'
  ...
# Subtest: browser fallback fails closed without invoking refresh when Web Locks unavailable
ok 158 - browser fallback fails closed without invoking refresh when Web Locks unavailable
  ---
  duration_ms: 1.002963
  type: 'test'
  ...
# Subtest: restore: hanging profile times out, retains credentials and retries without authenticating again
ok 159 - restore: hanging profile times out, retains credentials and retries without authenticating again
  ---
  duration_ms: 14.991754
  type: 'test'
  ...
# Subtest: login: hanging profile times out, retains credentials and retries without authenticating again
ok 160 - login: hanging profile times out, retains credentials and retries without authenticating again
  ---
  duration_ms: 15.484762
  type: 'test'
  ...
# Subtest: register: hanging profile times out, retains credentials and retries without authenticating again
ok 161 - register: hanging profile times out, retains credentials and retries without authenticating again
  ---
  duration_ms: 15.185301
  type: 'test'
  ...
# Subtest: all 193 samples are chronological without mutating API order or losing null/zero light
ok 162 - all 193 samples are chronological without mutating API order or losing null/zero light
  ---
  duration_ms: 3.440607
  type: 'test'
  ...
# Subtest: seed client posts and preserves server device linkage and simulation marker
ok 163 - seed client posts and preserves server device linkage and simulation marker
  ---
  duration_ms: 53.532026
  type: 'test'
  ...
1..163
# tests 163
# suites 0
# pass 163
# fail 0
# cancelled 0
# skipped 0
# todo 0
# duration_ms 8690.930614

--- stderr (runtime capture; redactions retained) ---
npm notice run leaf-check-ai-frontend@1.0.0 test
npm notice run node --import tsx --test tests/*.test.ts
npm notice run leaf-check-ai-frontend@1.0.0 typecheck
npm notice run tsc --noEmit

--- outcome passed ---
