$ set -euo pipefail
cd frontend
node --import tsx --test --test-concurrency=1 tests/startup-characterization.test.ts tests/session-transitions.test.ts tests/garden-navigation.test.ts

--- stdout ---
TAP version 13
# "shadow*" style props are deprecated. Use "boxShadow".
# Subtest: garden search matches name, species and location without mutating either view
ok 1 - garden search matches name, species and location without mutating either view
  ---
  duration_ms: 7.549228
  type: 'test'
  ...
# Subtest: tab layout exposes only three primary tabs and retains hidden compatibility routes
ok 2 - tab layout exposes only three primary tabs and retains hidden compatibility routes
  ---
  duration_ms: 469.707199
  type: 'test'
  ...
# Subtest: custom tab bar stays visible on content routes and hides on scan routes
ok 3 - custom tab bar stays visible on content routes and hides on scan routes
  ---
  duration_ms: 47.327245
  type: 'test'
  ...
# Subtest: bottom navigation emits tab events, respects prevention and keeps Scan an action
ok 4 - bottom navigation emits tab events, respects prevention and keeps Scan an action
  ---
  duration_ms: 401.774124
  type: 'test'
  ...
# Subtest: My Spaces stays selected on Spaces and Space Details and opens the Spaces route
ok 5 - My Spaces stays selected on Spaces and Space Details and opens the Spaces route
  ---
  duration_ms: 218.033138
  type: 'test'
  ...
# Subtest: local and signed-in tab entry defaults to Dashboard
ok 6 - local and signed-in tab entry defaults to Dashboard
  ---
  duration_ms: 122.138234
  type: 'test'
  ...
# Subtest: tabs switch immediately with opaque scenes and preload only the three main screens
ok 7 - tabs switch immediately with opaque scenes and preload only the three main screens
  ---
  duration_ms: 111.744327
  type: 'test'
  ...
# Subtest: root stack preserves guards while native pushes reverse on Back and reduced motion disables them
ok 8 - root stack preserves guards while native pushes reverse on Back and reduced motion disables them
  ---
  duration_ms: 420.026861
  type: 'test'
  ...
# Subtest: collection entry points lead to My Spaces and Garden has no visible tab title
ok 9 - collection entry points lead to My Spaces and Garden has no visible tab title
  ---
  duration_ms: 18.123169
  type: 'test'
  ...
# Subtest: legacy camera redirect preserves target params; notifications lead to actionable tasks
ok 10 - legacy camera redirect preserves target params; notifications lead to actionable tasks
  ---
  duration_ms: 28.657615
  type: 'test'
  ...
# Subtest: dashboard puts plant overview directly after hardware and AI summary last
ok 11 - dashboard puts plant overview directly after hardware and AI summary last
  ---
  duration_ms: 0.881986
  type: 'test'
  ...
# Subtest: logout during refresh discards late rotation and clears secure credential
ok 12 - logout during refresh discards late rotation and clears secure credential
  ---
  duration_ms: 129.895591
  type: 'test'
  ...
# Subtest: secure storage read failure is explicit, retryable, and never reaches network
ok 13 - secure storage read failure is explicit, retryable, and never reaches network
  ---
  duration_ms: 2.180461
  type: 'test'
  ...
# Subtest: login 401 is not refreshed, password whitespace survives, account switch broadcasts
ok 14 - login 401 is not refreshed, password whitespace survives, account switch broadcasts
  ---
  duration_ms: 15.312077
  type: 'test'
  ...
# Subtest: browser coordinators use the same exclusive lock across tabs
ok 15 - browser coordinators use the same exclusive lock across tabs
  ---
  duration_ms: 76.992003
  type: 'test'
  ...
# Subtest: completed installations exclude introductory routes for authenticated sessions
ok 16 - completed installations exclude introductory routes for authenticated sessions
  ---
  duration_ms: 701.407057
  type: 'test'
  ...
# Subtest: anonymous, pending setup, completed and skipped setup retain route guards
ok 17 - anonymous, pending setup, completed and skipped setup retain route guards
  ---
  duration_ms: 761.219579
  type: 'test'
  ...
# Subtest: restore and local failures expose recovery before account routes
ok 18 - restore and local failures expose recovery before account routes
  ---
  duration_ms: 247.828995
  type: 'test'
  ...
# Subtest: guest navigation waits for readiness and reduced motion disables transitions
ok 19 - guest navigation waits for readiness and reduced motion disables transitions
  ---
  duration_ms: 293.421949
  type: 'test'
  ...
# Subtest: saved setup step redirects mismatched deep links
ok 20 - saved setup step redirects mismatched deep links
  ---
  duration_ms: 45.944919
  type: 'test'
  ...
1..20
# tests 20
# suites 0
# pass 20
# fail 0
# cancelled 0
# skipped 0
# todo 0
# duration_ms 11700.374122
--- stderr ---

--- outcome passed (exit 0) ---
