── C-02 candidate cb4fde2 (declared in .prd/coverage/prd-v6.json) ──
  $ set -euo pipefail
  $ npm test --workspace=frontend
  $ npm run typecheck --workspace=frontend
  $ 
npm notice run leaf-check-ai-frontend@1.0.0 test
npm notice run node --import tsx --test tests/*.test.ts
TAP version 13
# Subtest: plant creation and deletion use normalized payloads, parsed responses and empty 204
ok 1 - plant creation and deletion use normalized payloads, parsed responses and empty 204
  ---
  duration_ms: 189.055219
  type: 'test'
  ...
# Subtest: plant mutations validate inputs and preserve API errors
ok 2 - plant mutations validate inputs and preserve API errors
  ---
  duration_ms: 14.60379
  type: 'test'
  ...
# Subtest: URL environment precedence and platform defaults
ok 3 - URL environment precedence and platform defaults
  ---
  duration_ms: 0.491306
  type: 'test'
  ...
# Subtest: plant updates trim fields, preserve clearing and moisture bounds, and attach bearer [redacted]
ok 4 - plant updates trim fields, preserve clearing and moisture bounds, and attach bearer [redacted]
  ---
  duration_ms: 4.999839
  type: 'test'
  ...
# Subtest: plant updates reject invalid fields and propagate missing plants
ok 5 - plant updates reject invalid fields and propagate missing plants
  ---
  duration_ms: 9.653896
  type: 'test'
  ...
# Subtest: all seven operations use correct routes and bodies
ok 6 - all seven operations use correct routes and bodies
  ---
  duration_ms: 26.928494
  type: 'test'
  ...
# Subtest: only latest 404 becomes null
ok 7 - only latest 404 becomes null
  ---
  duration_ms: 3.126594
  type: 'test'
  ...
# Subtest: nested validation rejects invalid data instead of manufacturing defaults
ok 8 - nested validation rejects invalid data instead of manufacturing defaults
  ---
  duration_ms: 14.508212
  type: 'test'
  ...
# Subtest: network, invalid JSON, timeout and external cancellation are typed
ok 9 - network, invalid JSON, timeout and external cancellation are typed
  ---
  duration_ms: 32.231873
  type: 'test'
  ...
# "shadow*" style props are deprecated. Use "boxShadow".
# Subtest: reference-sized floating pill and camera share a centerline and retain readable labels
ok 10 - reference-sized floating pill and camera share a centerline and retain readable labels
  ---
  duration_ms: 368.469799
  type: 'test'
  ...
# Subtest: each navigation item opens its own route with reference Home/Spaces icons and a distinct task icon
ok 11 - each navigation item opens its own route with reference Home/Spaces icons and a distinct task icon
  ---
  duration_ms: 845.326195
  type: 'test'
  ...
# Subtest: dock respects safe areas and remains centered at the reference width on small screens
ok 12 - dock respects safe areas and remains centered at the reference width on small screens
  ---
  duration_ms: 156.107614
  type: 'test'
  ...
# Subtest: installed Router v57 clears retained plant/device targets on the untargeted Scan action
ok 13 - installed Router v57 clears retained plant/device targets on the untargeted Scan action
  ---
  duration_ms: 158.578784
  type: 'test'
  ...
# Subtest: selected-tab color and emphasis follow Spaces details, reverse selections, and stop for reduced motion
ok 14 - selected-tab color and emphasis follow Spaces details, reverse selections, and stop for reduced motion
  ---
  duration_ms: 220.373442
  type: 'test'
  ...
# Subtest: reduced-motion startup and tab changes render static selection without resetting animated values
ok 15 - reduced-motion startup and tab changes render static selection without resetting animated values
  ---
  duration_ms: 158.596807
  type: 'test'
  ...
# Subtest: installed tab history reverses navigation without losing the Space Details target
ok 16 - installed tab history reverses navigation without losing the Space Details target
  ---
  duration_ms: 13.063975
  type: 'test'
  ...
# Subtest: task mutation cancellation rejects even when transport ignores abort and returns late
ok 17 - task mutation cancellation rejects even when transport ignores abort and returns late
  ---
  duration_ms: 233.770906
  type: 'test'
  ...
# Subtest: already cancelled task mutation never reaches transport
ok 18 - already cancelled task mutation never reaches transport
  ---
  duration_ms: 2.021062
  type: 'test'
  ...
# Subtest: Monday calendar filters retain overdue/manual checks and distinguish exact week boundaries
ok 19 - Monday calendar filters retain overdue/manual checks and distinguish exact week boundaries
  ---
  duration_ms: 6.892723
  type: 'test'
  ...
# Subtest: completed views use completion timestamps rather than inventing manual due dates
ok 20 - completed views use completion timestamps rather than inventing manual due dates
  ---
  duration_ms: 0.88339
  type: 'test'
  ...
# Subtest: task mutation retains the full list and confirmed write when reload fails
ok 21 - task mutation retains the full list and confirmed write when reload fails
  ---
  duration_ms: 714.409432
  type: 'test'
  ...
# Subtest: task mutation aborts on blur and ignores a late success
ok 22 - task mutation aborts on blur and ignores a late success
  ---
  duration_ms: 103.464992
  type: 'test'
  ...
# Subtest: task mutation aborts on background and ignores a late success
ok 23 - task mutation aborts on background and ignores a late success
  ---
  duration_ms: 144.111591
  type: 'test'
  ...
# Subtest: task mutation aborts on unmount and ignores a late success
ok 24 - task mutation aborts on unmount and ignores a late success
  ---
  duration_ms: 170.787319
  type: 'test'
  ...
# Subtest: task mutation locks duplicate taps and does not confirm a failed write
ok 25 - task mutation locks duplicate taps and does not confirm a failed write
  ---
  duration_ms: 239.567316
  type: 'test'
  ...
# Subtest: Skip uses SKIPPED only after a successful PATCH and retains previous status on failure
ok 26 - Skip uses SKIPPED only after a successful PATCH and retains previous status on failure
  ---
  duration_ms: 161.474766
  type: 'test'
  ...
# Subtest: Skip aborts on blur and ignores a late successful response
ok 27 - Skip aborts on blur and ignores a late successful response
  ---
  duration_ms: 450.513145
  type: 'test'
  ...
# Subtest: Skip aborts on background and ignores a late successful response
ok 28 - Skip aborts on background and ignores a late successful response
  ---
  duration_ms: 160.628262
  type: 'test'
  ...
# Subtest: Skip aborts on unmount and ignores a late successful response
ok 29 - Skip aborts on unmount and ignores a late successful response
  ---
  duration_ms: 86.440183
  type: 'test'
  ...
# Subtest: disabled account task hook cannot Skip
ok 30 - disabled account task hook cannot Skip
  ---
  duration_ms: 109.070489
  type: 'test'
  ...
# Subtest: focus and fresh client session restore account task status from authoritative GET
ok 31 - focus and fresh client session restore account task status from authoritative GET
  ---
  duration_ms: 352.31039
  type: 'test'
  ...
# Subtest: authoritative GET retires confirmed overlays, including after another failed reload
ok 32 - authoritative GET retires confirmed overlays, including after another failed reload
  ---
  duration_ms: 151.646392
  type: 'test'
  ...
# Subtest: blur cancellation revalidates before settlement and late finally cannot unlock a newer mutation
ok 33 - blur cancellation revalidates before settlement and late finally cannot unlock a newer mutation
  ---
  duration_ms: 339.815377
  type: 'test'
  ...
# Subtest: a GET published between the synchronous mutation lock and effect cleanup cannot overwrite confirmation
ok 34 - a GET published between the synchronous mutation lock and effect cleanup cannot overwrite confirmation
  ---
  duration_ms: 134.980631
  type: 'test'
  ...
# Subtest: Due today includes earlier-today overdue tasks and excludes undated, completed, invalid and other dates
ok 35 - Due today includes earlier-today overdue tasks and excludes undated, completed, invalid and other dates
  ---
  duration_ms: 6.157092
  type: 'test'
  ...
# Subtest: Due today follows local calendar boundaries through short and long daylight-saving days
ok 36 - Due today follows local calendar boundaries through short and long daylight-saving days
  ---
  duration_ms: 1.512272
  type: 'test'
  ...
# Subtest: task previews retain short details and select a concise sentence without changing the saved explanation
ok 37 - task previews retain short details and select a concise sentence without changing the saved explanation
  ---
  duration_ms: 1.070323
  type: 'test'
  ...
# Subtest: task thumbnails show the real saved plant image or an accessible missing-photo placeholder
ok 38 - task thumbnails show the real saved plant image or an accessible missing-photo placeholder
  ---
  duration_ms: 278.332622
  type: 'test'
  ...
# Subtest: thumbnail load errors fall back and a different saved image recovers without stale-error interference
ok 39 - thumbnail load errors fall back and a different saved image recovers without stale-error interference
  ---
  duration_ms: 56.452286
  type: 'test'
  ...
# Subtest: Guest task controls persist completion/undo, retain pending tasks on failure and open the selected space
ok 40 - Guest task controls persist completion/undo, retain pending tasks on failure and open the selected space
  ---
  duration_ms: 1059.232203
  type: 'test'
  ...
# Subtest: account Skip uses only the server source, leaves failed tasks visible and removes confirmed skips
ok 41 - account Skip uses only the server source, leaves failed tasks visible and removes confirmed skips
  ---
  duration_ms: 907.392165
  type: 'test'
  ...
# Subtest: account completion and Undo send COMPLETED and PENDING without writing local history
ok 42 - account completion and Undo send COMPLETED and PENDING without writing local history
  ---
  duration_ms: 354.391934
  type: 'test'
  ...
# Subtest: loading and partial refresh failure have retry controls without a false empty success
ok 43 - loading and partial refresh failure have retry controls without a false empty success
  ---
  duration_ms: 234.404451
  type: 'test'
  ...
# Subtest: pull-to-refresh remains wired and three interactive summary cards show readable real counts
ok 44 - pull-to-refresh remains wired and three interactive summary cards show readable real counts
  ---
  duration_ms: 180.98808
  type: 'test'
  ...
# Subtest: direct task buttons are text-only and offer only supported pending/completed actions
ok 45 - direct task buttons are text-only and offer only supported pending/completed actions
  ---
  duration_ms: 287.570743
  type: 'test'
  ...
# Subtest: empty states fill the remaining screen and have no My Spaces action
ok 46 - empty states fill the remaining screen and have no My Spaces action
  ---
  duration_ms: 118.565603
  type: 'test'
  ...
# Subtest: green period dropdown switches task views without changing persistent task sources
ok 47 - green period dropdown switches task views without changing persistent task sources
  ---
  duration_ms: 184.042332
  type: 'test'
  ...
# Subtest: Care Tasks filter remains interactive without animation when reduced motion is enabled
ok 48 - Care Tasks filter remains interactive without animation when reduced motion is enabled
  ---
  duration_ms: 231.023999
  type: 'test'
  ...
# Subtest: Care Tasks uses a clean white page without decorative artwork and retains real plant thumbnails
ok 49 - Care Tasks uses a clean white page without decorative artwork and retains real plant thumbnails
  ---
  duration_ms: 97.257998
  type: 'test'
  ...
# Subtest: summary due-today filter includes earlier-today Overdue and excludes manual, yesterday, and tomorrow tasks
ok 50 - summary due-today filter includes earlier-today Overdue and excludes manual, yesterday, and tomorrow tasks
  ---
  duration_ms: 157.685842
  type: 'test'
  ...
# Subtest: All, Pending and Completed views share confirmed counts without changing task sources
ok 51 - All, Pending and Completed views share confirmed counts without changing task sources
  ---
  duration_ms: 189.447251
  type: 'test'
  ...
# Subtest: short previews can expand to the original saved details without marking care complete
ok 52 - short previews can expand to the original saved details without marking care complete
  ---
  duration_ms: 117.266965
  type: 'test'
  ...
# Subtest: account plant loading cannot show an empty success before local schedules and history hydrate
ok 53 - account plant loading cannot show an empty success before local schedules and history hydrate
  ---
  duration_ms: 150.383182
  type: 'test'
  ...
# Subtest: presentation groups exact due times and leaves unscheduled and future urgent checks undated or upcoming
ok 54 - presentation groups exact due times and leaves unscheduled and future urgent checks undated or upcoming
  ---
  duration_ms: 46.877304
  type: 'test'
  ...
# Subtest: completed recurring tasks stay in history while their next occurrence is upcoming; undo restores overdue
ok 55 - completed recurring tasks stay in history while their next occurrence is upcoming; undo restores overdue
  ---
  duration_ms: 5.621759
  type: 'test'
  ...
# Subtest: server tasks merge by urgency and due date, preserve completion and omit skipped/deleted targets
ok 56 - server tasks merge by urgency and due date, preserve completion and omit skipped/deleted targets
  ---
  duration_ms: 1.466143
  type: 'test'
  ...
# Subtest: aggregates all plants, prioritizes urgent recommendations, and does not invent healthy readings
ok 57 - aggregates all plants, prioritizes urgent recommendations, and does not invent healthy readings
  ---
  duration_ms: 0.897336
  type: 'test'
  ...
# Subtest: saved schedules group overdue/today separately from future checks and preserve reminder time
ok 58 - saved schedules group overdue/today separately from future checks and preserve reminder time
  ---
  duration_ms: 1.047208
  type: 'test'
  ...
# Subtest: completion is idempotent, recurring checks advance, undo restores occurrence
ok 59 - completion is idempotent, recurring checks advance, undo restores occurrence
  ---
  duration_ms: 1.169055
  type: 'test'
  ...
# Subtest: one-off tasks stay complete; updated versions renew tasks; deleted plants leave the hub
ok 60 - one-off tasks stay complete; updated versions renew tasks; deleted plants leave the hub
  ---
  duration_ms: 2.075028
  type: 'test'
  ...
# Subtest: legacy local state migrates completions; invalid history fails closed
ok 61 - legacy local state migrates completions; invalid history fails closed
  ---
  duration_ms: 2.663502
  type: 'test'
  ...
# Subtest: completions survive remount, stay account-scoped, and failed writes do not check off tasks
ok 62 - completions survive remount, stay account-scoped, and failed writes do not check off tasks
  ---
  duration_ms: 8.888749
  type: 'test'
  ...
# Subtest: hardware widget persists with 0 sensors and working entry points
ok 63 - hardware widget persists with 0 sensors and working entry points
  ---
  duration_ms: 289.490955
  type: 'test'
  ...
# Subtest: hardware widget persists with 1 sensors and working entry points
ok 64 - hardware widget persists with 1 sensors and working entry points
  ---
  duration_ms: 47.309668
  type: 'test'
  ...
# Subtest: hardware widget persists with 2 sensors and working entry points
ok 65 - hardware widget persists with 2 sensors and working entry points
  ---
  duration_ms: 48.846415
  type: 'test'
  ...
# Subtest: dashboard keeps both quick actions and hardware widget for 0 sensors
ok 66 - dashboard keeps both quick actions and hardware widget for 0 sensors
  ---
  duration_ms: 153.363671
  type: 'test'
  ...
# Subtest: dashboard keeps both quick actions and hardware widget for 2 sensors
ok 67 - dashboard keeps both quick actions and hardware widget for 2 sensors
  ---
  duration_ms: 137.074433
  type: 'test'
  ...
# Subtest: dashboard retains initial loading and retry without fabricating AI content
ok 68 - dashboard retains initial loading and retry without fabricating AI content
  ---
  duration_ms: 2.801522
  type: 'test'
  ...
# Subtest: loaded collections do not recreate the removed garden summary
ok 69 - loaded collections do not recreate the removed garden summary
  ---
  duration_ms: 0.444675
  type: 'test'
  ...
# Subtest: overview status distinguishes refresh and failed refresh
ok 70 - overview status distinguishes refresh and failed refresh
  ---
  duration_ms: 0.625557
  type: 'test'
  ...
# Subtest: guest messaging stays local and does not promise guest AI scans
ok 71 - guest messaging stays local and does not promise guest AI scans
  ---
  duration_ms: 0.606239
  type: 'test'
  ...
# Subtest: sensor alerts do not infer missing hardware from incomplete collections
ok 72 - sensor alerts do not infer missing hardware from incomplete collections
  ---
  duration_ms: 0.691827
  type: 'test'
  ...
# Subtest: missing sensor links keep hardware optional and pairing unavailable
ok 73 - missing sensor links keep hardware optional and pairing unavailable
  ---
  duration_ms: 1.571057
  type: 'test'
  ...
# Subtest: a saved sensor link is not presented as a live observation
ok 74 - a saved sensor link is not presented as a live observation
  ---
  duration_ms: 8.056358
  type: 'test'
  ...
# Subtest: demo-only and mixed collections explicitly distinguish simulated telemetry
ok 75 - demo-only and mixed collections explicitly distinguish simulated telemetry
  ---
  duration_ms: 0.600518
  type: 'test'
  ...
# Subtest: device activity uses Router focus without a standalone navigation provider
ok 76 - device activity uses Router focus without a standalone navigation provider
  ---
  duration_ms: 247.482445
  type: 'test'
  ...
# Subtest: device activity stays paused in background or inactive and resumes only when focused
ok 77 - device activity stays paused in background or inactive and resumes only when focused
  ---
  duration_ms: 26.275482
  type: 'test'
  ...
# Subtest: web visibility gates device work and both listeners are removed
ok 78 - web visibility gates device work and both listeners are removed
  ---
  duration_ms: 33.366011
  type: 'test'
  ...
# Subtest: empty successful responses reject when contracts require a payload
ok 79 - empty successful responses reject when contracts require a payload
  ---
  duration_ms: 125.175872
  type: 'test'
  ...
# Subtest: device routes preserve UUID/MAC, bodies, bearer [redacted] all BFF states
ok 80 - device routes preserve UUID/MAC, bodies, bearer [redacted] all BFF states
  ---
  duration_ms: 35.341334
  type: 'test'
  ...
# Subtest: invalid inputs reject before transport and conventional MACs normalize
ok 81 - invalid inputs reject before transport and conventional MACs normalize
  ---
  duration_ms: 7.680286
  type: 'test'
  ...
# Subtest: conflicts and malformed successful responses never become success
ok 82 - conflicts and malformed successful responses never become success
  ---
  duration_ms: 33.11947
  type: 'test'
  ...
# Subtest: new routes refresh once and respect cancellation and timeout
ok 83 - new routes refresh once and respect cancellation and timeout
  ---
  duration_ms: 37.515304
  type: 'test'
  ...
# Subtest: production scanner coalesces scan/submission and hands off server UUID and target
ok 84 - production scanner coalesces scan/submission and hands off server UUID and target
  ---
  duration_ms: 447.568161
  type: 'test'
  ...
# Subtest: manual input validates visibly, ownership conflict stays and retry succeeds with camera denied
ok 85 - manual input validates visibly, ownership conflict stays and retry succeeds with camera denied
  ---
  duration_ms: 297.293854
  type: 'test'
  ...
# Subtest: production scanner suppresses pending state and navigation after blur
ok 86 - production scanner suppresses pending state and navigation after blur
  ---
  duration_ms: 126.075096
  type: 'test'
  ...
# Subtest: production scanner suppresses pending state and navigation after cancel
ok 87 - production scanner suppresses pending state and navigation after cancel
  ---
  duration_ms: 107.615104
  type: 'test'
  ...
# Subtest: production scanner suppresses pending state and navigation after dispose
ok 88 - production scanner suppresses pending state and navigation after dispose
  ---
  duration_ms: 104.324829
  type: 'test'
  ...
# Subtest: production scanner suppresses pending state and navigation after auth
ok 89 - production scanner suppresses pending state and navigation after auth
  ---
  duration_ms: 99.961047
  type: 'test'
  ...
# Subtest: production scanner suppresses pending state and navigation after snapshotOnly
ok 90 - production scanner suppresses pending state and navigation after snapshotOnly
  ---
  duration_ms: 50.691106
  type: 'test'
  ...
# Subtest: guest scanner offers sign-in without claim or camera access
ok 91 - guest scanner offers sign-in without claim or camera access
  ---
  duration_ms: 92.668546
  type: 'test'
  ...
# Subtest: legacy selection bypasses mock nodes and retains contextual target
ok 92 - legacy selection bypasses mock nodes and retains contextual target
  ---
  duration_ms: 19.603921
  type: 'test'
  ...
# Subtest: production AppData fences old claim closure and clears ephemeral Device on account remount
ok 93 - production AppData fences old claim closure and clears ephemeral Device on account remount
  ---
  duration_ms: 160.70619
  type: 'test'
  ...
# Subtest: permission rejection after unmount never writes screen state
ok 94 - permission rejection after unmount never writes screen state
  ---
  duration_ms: 72.953242
  type: 'test'
  ...
# Subtest: nonconflict claim error is sanitized and scanned retry remains usable
ok 95 - nonconflict claim error is sanitized and scanned retry remains usable
  ---
  duration_ms: 125.979198
  type: 'test'
  ...
# Subtest: web assignment buttons announce selected=false and disabled=false, contextual=false
ok 96 - web assignment buttons announce selected=false and disabled=false, contextual=false
  ---
  duration_ms: 536.41959
  type: 'test'
  ...
# Subtest: web assignment buttons announce selected=false and disabled=true, contextual=false
ok 97 - web assignment buttons announce selected=false and disabled=true, contextual=false
  ---
  duration_ms: 171.34865
  type: 'test'
  ...
# Subtest: web assignment buttons announce selected=true and disabled=false, contextual=false
ok 98 - web assignment buttons announce selected=true and disabled=false, contextual=false
  ---
  duration_ms: 143.812593
  type: 'test'
  ...
# Subtest: web assignment buttons announce selected=true and disabled=true, contextual=false
ok 99 - web assignment buttons announce selected=true and disabled=true, contextual=false
  ---
  duration_ms: 101.366083
  type: 'test'
  ...
# Subtest: web assignment buttons announce selected=false and disabled=false, contextual=true
ok 100 - web assignment buttons announce selected=false and disabled=false, contextual=true
  ---
  duration_ms: 129.41803
  type: 'test'
  ...
# Subtest: web assignment buttons announce selected=false and disabled=true, contextual=true
ok 101 - web assignment buttons announce selected=false and disabled=true, contextual=true
  ---
  duration_ms: 95.355926
  type: 'test'
  ...
# Subtest: web assignment buttons announce selected=true and disabled=false, contextual=true
ok 102 - web assignment buttons announce selected=true and disabled=false, contextual=true
  ---
  duration_ms: 261.935705
  type: 'test'
  ...
# Subtest: web assignment buttons announce selected=true and disabled=true, contextual=true
ok 103 - web assignment buttons announce selected=true and disabled=true, contextual=true
  ---
  duration_ms: 80.004191
  type: 'test'
  ...
# (node:163428) ExperimentalWarning: The MockTimers API is an experimental feature and might change at any time
# (Use `node --trace-warnings ...` to show where the warning was created)
# Subtest: management removal preserves all devices on failure and removes only its ID on retry
ok 104 - management removal preserves all devices on failure and removes only its ID on retry
  ---
  duration_ms: 336.769225
  type: 'test'
  ...
# Subtest: actual local provider fences a session change when queued
ok 105 - actual local provider fences a session change when queued
  ---
  duration_ms: 74.339367
  type: 'test'
  ...
# Subtest: actual local provider fences a session change when commit started
ok 106 - actual local provider fences a session change when commit started
  ---
  duration_ms: 61.671957
  type: 'test'
  ...
# (node:163435) ExperimentalWarning: The MockTimers API is an experimental feature and might change at any time
# (Use `node --trace-warnings ...` to show where the warning was created)
# Subtest: discovery contains only uniquely identified mock nodes and rejects invalid route parameters
ok 107 - discovery contains only uniquely identified mock nodes and rejects invalid route parameters
  ---
  duration_ms: 2.936084
  type: 'test'
  ...
# Subtest: assignment supports existing spaces and plants without mutating sensor links
ok 108 - assignment supports existing spaces and plants without mutating sensor links
  ---
  duration_ms: 3.518186
  type: 'test'
  ...
# Subtest: existing v1 state stays valid; malformed mock assignments fail closed
ok 109 - existing v1 state stays valid; malformed mock assignments fail closed
  ---
  duration_ms: 5.308951
  type: 'test'
  ...
# Subtest: completed assignments survive reload and remain isolated from other accounts and guests
ok 110 - completed assignments survive reload and remain isolated from other accounts and guests
  ---
  duration_ms: 4.375205
  type: 'test'
  ...
# Subtest: failed persistence does not publish a successful connection and retry succeeds
ok 111 - failed persistence does not publish a successful connection and retry succeeds
  ---
  duration_ms: 1.615353
  type: 'test'
  ...
# Subtest: mock delays finish only after their timeout
ok 112 - mock delays finish only after their timeout
  ---
  duration_ms: 2.357477
  type: 'test'
  ...
# Subtest: cancelled and already-aborted mock work never completes
ok 113 - cancelled and already-aborted mock work never completes
  ---
  duration_ms: 1.802347
  type: 'test'
  ...
# Subtest: a cancelled queued assignment never writes and the queue remains usable
ok 114 - a cancelled queued assignment never writes and the queue remains usable
  ---
  duration_ms: 3.362183
  type: 'test'
  ...
# Subtest: invalid persisted mock assignment blocks loading and preserves stored data
ok 115 - invalid persisted mock assignment blocks loading and preserves stored data
  ---
  duration_ms: 1.641484
  type: 'test'
  ...
# Subtest: legacy single connection migrates once without resurrecting removed devices
ok 116 - legacy single connection migrates once without resurrecting removed devices
  ---
  duration_ms: 1.033411
  type: 'test'
  ...
# Subtest: multiple sensors append, reassignment replaces only the matching identity
ok 117 - multiple sensors append, reassignment replaces only the matching identity
  ---
  duration_ms: 1.013011
  type: 'test'
  ...
# Subtest: device collections fail closed on corrupt, duplicate, or spoofed live entries
ok 118 - device collections fail closed on corrupt, duplicate, or spoofed live entries
  ---
  duration_ms: 1.2279
  type: 'test'
  ...
# Subtest: contextual targets lock selection and invalid or deleted destinations never fall back
ok 119 - contextual targets lock selection and invalid or deleted destinations never fall back
  ---
  duration_ms: 0.610218
  type: 'test'
  ...
# Subtest: concurrent pairing preserves multiple sensors across reload and removal
ok 120 - concurrent pairing preserves multiple sensors across reload and removal
  ---
  duration_ms: 5.480155
  type: 'test'
  ...
# Subtest: production Scanner -> provider -> Assignment -> Success -> Profile uses UUID and one BFF through real client
ok 121 - production Scanner -> provider -> Assignment -> Success -> Profile uses UUID and one BFF through real client
  ---
  duration_ms: 1347.634953
  type: 'test'
  ...
# Subtest: real transport preserves claim 409, same-owner reclaim and failed pairing retry
ok 122 - real transport preserves claim 409, same-owner reclaim and failed pairing retry
  ---
  duration_ms: 632.154142
  type: 'test'
  ...
# Subtest: late HTTP claim completion after account boundary cannot store a Device or navigate
ok 123 - late HTTP claim completion after account boundary cannot store a Device or navigate
  ---
  duration_ms: 133.59952
  type: 'test'
  ...
# Subtest: production assignment pairs claimed UUID once, updates reassignment and offers confirmed profile
ok 124 - production assignment pairs claimed UUID once, updates reassignment and offers confirmed profile
  ---
  duration_ms: 798.263758
  type: 'test'
  ...
# Subtest: production assignment rejects unsupported or missing contextual target {"targetType":"space","targetId":"Bedroom"}
ok 125 - production assignment rejects unsupported or missing contextual target {"targetType":"space","targetId":"Bedroom"}
  ---
  duration_ms: 410.914284
  type: 'test'
  ...
# Subtest: production assignment rejects unsupported or missing contextual target {"targetType":"plant","targetId":"missing"}
ok 126 - production assignment rejects unsupported or missing contextual target {"targetType":"plant","targetId":"missing"}
  ---
  duration_ms: 328.418525
  type: 'test'
  ...
# Subtest: production assignment rejects unsupported or missing contextual target {"targetType":"plant","targetId":"mock-leaf-node-01"}
ok 127 - production assignment rejects unsupported or missing contextual target {"targetType":"plant","targetId":"mock-leaf-node-01"}
  ---
  duration_ms: 405.482481
  type: 'test'
  ...
# Subtest: production assignment rejects unsupported or missing contextual target {"targetType":["plant"],"targetId":"44444444-4444-4444-8444-444444444444"}
ok 128 - production assignment rejects unsupported or missing contextual target {"targetType":["plant"],"targetId":"44444444-4444-4444-8444-444444444444"}
  ---
  duration_ms: 195.359848
  type: 'test'
  ...
# Subtest: production assignment rejects unsupported or missing contextual target {"targetId":"44444444-4444-4444-8444-444444444444"}
ok 129 - production assignment rejects unsupported or missing contextual target {"targetId":"44444444-4444-4444-8444-444444444444"}
  ---
  duration_ms: 192.258821
  type: 'test'
  ...
# Subtest: missing claim, forged UUID and guests cannot mutate
ok 130 - missing claim, forged UUID and guests cannot mutate
  ---
  duration_ms: 194.582075
  type: 'test'
  ...
# Subtest: pair mutation failure remains retryable and refresh failure preserves successful cache and warning
ok 131 - pair mutation failure remains retryable and refresh failure preserves successful cache and warning
  ---
  duration_ms: 266.492042
  type: 'test'
  ...
# Subtest: production pairing handles account without implying a confirmed write rolled back
ok 132 - production pairing handles account without implying a confirmed write rolled back
  ---
  duration_ms: 293.135212
  type: 'test'
  ...
# Subtest: production pairing handles unmount without implying a confirmed write rolled back
ok 133 - production pairing handles unmount without implying a confirmed write rolled back
  ---
  duration_ms: 127.794913
  type: 'test'
  ...
# Subtest: production pairing handles cancel without implying a confirmed write rolled back
ok 134 - production pairing handles cancel without implying a confirmed write rolled back
  ---
  duration_ms: 132.089331
  type: 'test'
  ...
# Subtest: provider rejects unavailable plants and mismatched server confirmation
ok 135 - provider rejects unavailable plants and mismatched server confirmation
  ---
  duration_ms: 54.710688
  type: 'test'
  ...
# Subtest: confirmed mutation stays on assignment while refresh is pending, then success survives failed refresh
ok 136 - confirmed mutation stays on assignment while refresh is pending, then success survives failed refresh
  ---
  duration_ms: 192.56702
  type: 'test'
  ...
# Subtest: changing route while mutation runs suppresses the old target handoff
ok 137 - changing route while mutation runs suppresses the old target handoff
  ---
  duration_ms: 267.626482
  type: 'test'
  ...
# Subtest: connection diagnostics are replaced entirely with the standard message
ok 138 - connection diagnostics are replaced entirely with the standard message
  ---
  duration_ms: 2.699002
  type: 'test'
  ...
# Subtest: API normalization preserves kinds, status and diagnostic details, not network text
ok 139 - API normalization preserves kinds, status and diagnostic details, not network text
  ---
  duration_ms: 0.638532
  type: 'test'
  ...
# Subtest: validation, credential, cancellation and informational messages remain useful
ok 140 - validation, credential, cancellation and informational messages remain useful
  ---
  duration_ms: 0.491196
  type: 'test'
  ...
# Subtest: login, registration and collection requests sanitize rejected transports and API diagnostics
ok 141 - login, registration and collection requests sanitize rejected transports and API diagnostics
  ---
  duration_ms: 64.15658
  type: 'test'
  ...
# Subtest: request timeouts use the same connection message
ok 142 - request timeouts use the same connection message
  ---
  duration_ms: 15.216843
  type: 'test'
  ...
# "shadow*" style props are deprecated. Use "boxShadow".
# Subtest: garden search matches name, species and location without mutating either view
ok 143 - garden search matches name, species and location without mutating either view
  ---
  duration_ms: 9.698153
  type: 'test'
  ...
# Subtest: tab layout exposes only three primary tabs and retains hidden compatibility routes
ok 144 - tab layout exposes only three primary tabs and retains hidden compatibility routes
  ---
  duration_ms: 305.504021
  type: 'test'
  ...
# Subtest: custom tab bar stays visible on content routes and hides on scan routes
ok 145 - custom tab bar stays visible on content routes and hides on scan routes
  ---
  duration_ms: 39.549415
  type: 'test'
  ...
# Subtest: bottom navigation emits tab events, respects prevention and keeps Scan an action
ok 146 - bottom navigation emits tab events, respects prevention and keeps Scan an action
  ---
  duration_ms: 189.883009
  type: 'test'
  ...
# Subtest: My Spaces stays selected on Spaces and Space Details and opens the Spaces route
ok 147 - My Spaces stays selected on Spaces and Space Details and opens the Spaces route
  ---
  duration_ms: 63.446407
  type: 'test'
  ...
# Subtest: local and signed-in tab entry defaults to Dashboard
ok 148 - local and signed-in tab entry defaults to Dashboard
  ---
  duration_ms: 69.264993
  type: 'test'
  ...
# Subtest: tabs switch immediately with opaque scenes and preload only the three main screens
ok 149 - tabs switch immediately with opaque scenes and preload only the three main screens
  ---
  duration_ms: 35.990668
  type: 'test'
  ...
# Subtest: root stack preserves guards while native pushes reverse on Back and reduced motion disables them
ok 150 - root stack preserves guards while native pushes reverse on Back and reduced motion disables them
  ---
  duration_ms: 182.672278
  type: 'test'
  ...
# Subtest: collection entry points lead to My Spaces and Garden has no visible tab title
ok 151 - collection entry points lead to My Spaces and Garden has no visible tab title
  ---
  duration_ms: 1.709727
  type: 'test'
  ...
# Subtest: legacy camera redirect preserves target params; notifications lead to actionable tasks
ok 152 - legacy camera redirect preserves target params; notifications lead to actionable tasks
  ---
  duration_ms: 16.904718
  type: 'test'
  ...
# Subtest: dashboard puts plant overview directly after hardware and AI summary last
ok 153 - dashboard puts plant overview directly after hardware and AI summary last
  ---
  duration_ms: 0.912075
  type: 'test'
  ...
# Subtest: one shared adapter ignores legacy keys and writes a durable boolean only
ok 154 - one shared adapter ignores legacy keys and writes a durable boolean only
  ---
  duration_ms: 163.221072
  type: 'test'
  ...
# Subtest: shared adapter failures and invalid booleans remain recoverable without overwrites
ok 155 - shared adapter failures and invalid booleans remain recoverable without overwrites
  ---
  duration_ms: 175.641596
  type: 'test'
  ...
# Subtest: fresh anonymous and restored sessions traverse every slide and skip only the correct login
ok 156 - fresh anonymous and restored sessions traverse every slide and skip only the correct login
  ---
  duration_ms: 1942.469936
  type: 'test'
  ...
# Subtest: restore finishing on a middle slide leaves the same slide and guest/account setup untouched
ok 157 - restore finishing on a middle slide leaves the same slide and guest/account setup untouched
  ---
  duration_ms: 907.729512
  type: 'test'
  ...
# Subtest: final write denial keeps the last slide and its retry; completion waits for a replacement write
ok 158 - final write denial keeps the last slide and its retry; completion waits for a replacement write
  ---
  duration_ms: 105.260762
  type: 'test'
  ...
# Subtest: corrupt/browser-denied storage cannot admit restored sessions and does not erase disk data
ok 159 - corrupt/browser-denied storage cannot admit restored sessions and does not erase disk data
  ---
  duration_ms: 36.21744
  type: 'test'
  ...
# Subtest: completed intro routes by verified native restoration, not credential presence
ok 160 - completed intro routes by verified native restoration, not credential presence
  ---
  duration_ms: 434.124992
  type: 'test'
  ...
# Subtest: fresh install only admits splash then intro for every authentication outcome and deep-link target
ok 161 - fresh install only admits splash then intro for every authentication outcome and deep-link target
  ---
  duration_ms: 1717.83168
  type: 'test'
  ...
# Subtest: bootstrap loading and storage errors cannot mount account navigation
ok 162 - bootstrap loading and storage errors cannot mount account navigation
  ---
  duration_ms: 194.88978
  type: 'test'
  ...
# Subtest: restore completion cannot change intro guards before a durable final action
ok 163 - restore completion cannot change intro guards before a durable final action
  ---
  duration_ms: 357.143876
  type: 'test'
  ...
# Subtest: onboarding final action saves without navigating to login or marking garden setup
ok 164 - onboarding final action saves without navigating to login or marking garden setup
  ---
  duration_ms: 39.257617
  type: 'test'
  ...
# Subtest: all root routes are explicitly guarded, including forbidden deep-link destinations
ok 165 - all root routes are explicitly guarded, including forbidden deep-link destinations
  ---
  duration_ms: 228.631963
  type: 'test'
  ...
# Subtest: every startup keeps branded splash for the minimum and waits for relevant checks
ok 166 - every startup keeps branded splash for the minimum and waits for relevant checks
  ---
  duration_ms: 1488.815347
  type: 'test'
  ...
# Subtest: fast returning-session checks cannot skip splash; errors recover after minimum
ok 167 - fast returning-session checks cannot skip splash; errors recover after minimum
  ---
  duration_ms: 349.858766
  type: 'test'
  ...
# Subtest: unmount clears the startup timer before it has fired
ok 168 - unmount clears the startup timer before it has fired
  ---
  duration_ms: 33.038846
  type: 'test'
  ...
# Subtest: missing marker starts splash, persists completion and reloads without repeating intro
ok 169 - missing marker starts splash, persists completion and reloads without repeating intro
  ---
  duration_ms: 29.427175
  type: 'test'
  ...
# Subtest: strict records reject malformed, unsupported and unexpected fields without overwriting
ok 170 - strict records reject malformed, unsupported and unexpected fields without overwriting
  ---
  duration_ms: 1.901991
  type: 'test'
  ...
# Subtest: read and write failures expose generic recovery and preserve incomplete state
ok 171 - read and write failures expose generic recovery and preserve incomplete state
  ---
  duration_ms: 1.725368
  type: 'test'
  ...
# Subtest: concurrent loads and final taps coalesce; listeners observe completion only after durable write
ok 172 - concurrent loads and final taps coalesce; listeners observe completion only after durable write
  ---
  duration_ms: 1.209334
  type: 'test'
  ...
# Subtest: synchronously throwing platform methods remain retryable
ok 173 - synchronously throwing platform methods remain retryable
  ---
  duration_ms: 1.28446
  type: 'test'
  ...
# Subtest: boolean flags accept only true and false; missing is incomplete
ok 174 - boolean flags accept only true and false; missing is incomplete
  ---
  duration_ms: 0.747073
  type: 'test'
  ...
# Subtest: new state hydrates without writing defaults
ok 175 - new state hydrates without writing defaults
  ---
  duration_ms: 6.511811
  type: 'test'
  ...
# Subtest: account keys cannot overlap guest or other accounts
ok 176 - account keys cannot overlap guest or other accounts
  ---
  duration_ms: 0.505483
  type: 'test'
  ...
# Subtest: local profile survives reload without crossing account boundaries or requiring migration
ok 177 - local profile survives reload without crossing account boundaries or requiring migration
  ---
  duration_ms: 4.766415
  type: 'test'
  ...
# Subtest: serialized updates and remounted stores preserve independent changes
ok 178 - serialized updates and remounted stores preserve independent changes
  ---
  duration_ms: 1.477004
  type: 'test'
  ...
# Subtest: corrupt and future-version data are not overwritten
ok 179 - corrupt and future-version data are not overwritten
  ---
  duration_ms: 1.308346
  type: 'test'
  ...
# Subtest: failed write keeps committed state and queue remains usable
ok 180 - failed write keeps committed state and queue remains usable
  ---
  duration_ms: 2.093124
  type: 'test'
  ...
# Subtest: complete setup and care schedule survive a new store
ok 181 - complete setup and care schedule survive a new store
  ---
  duration_ms: 3.41712
  type: 'test'
  ...
# Subtest: invalid choices, duplicate spaces, and impossible steps fail validation
ok 182 - invalid choices, duplicate spaces, and impossible steps fail validation
  ---
  duration_ms: 0.82218
  type: 'test'
  ...
# Subtest: care defaults vary by plant and light and reject unsafe input ranges
ok 183 - care defaults vary by plant and light and reject unsafe input ranges
  ---
  duration_ms: 1.618129
  type: 'test'
  ...
# Subtest: missing navigation defaults to focused on initial and telemetry re-renders
ok 184 - missing navigation defaults to focused on initial and telemetry re-renders
  ---
  duration_ms: 571.925646
  type: 'test'
  ...
# Subtest: navigation focus and blur are observed and both listeners are cleaned up
ok 185 - navigation focus and blur are observed and both listeners are cleaned up
  ---
  duration_ms: 169.981579
  type: 'test'
  ...
# Subtest: plant care view renders saved guidance, missing-data warning and history without interpreting HTML
ok 186 - plant care view renders saved guidance, missing-data warning and history without interpreting HTML
  ---
  duration_ms: 462.094362
  type: 'test'
  ...
# Subtest: plant care view labels stale readings and does not invent a diagnosis for an unscanned plant
ok 187 - plant care view labels stale readings and does not invent a diagnosis for an unscanned plant
  ---
  duration_ms: 284.1825
  type: 'test'
  ...
# Subtest: telemetry guidance distinguishes fresh, stale, missing, failed, simulated and unverified data
ok 188 - telemetry guidance distinguishes fresh, stale, missing, failed, simulated and unverified data
  ---
  duration_ms: 3.12434
  type: 'test'
  ...
# Subtest: guidance selects the latest diagnosis and pending tasks only for the requested plant
ok 189 - guidance selects the latest diagnosis and pending tasks only for the requested plant
  ---
  duration_ms: 2.776543
  type: 'test'
  ...
# Subtest: guidance API includes an encoded plant filter and preserves unfiltered history
ok 190 - guidance API includes an encoded plant filter and preserves unfiltered history
  ---
  duration_ms: 55.087483
  type: 'test'
  ...
# Subtest: profile sibling identity remains unique while editing and changes with the plant
ok 191 - profile sibling identity remains unique while editing and changes with the plant
  ---
  duration_ms: 423.686917
  type: 'test'
  ...
# Subtest: production profile renders unpaired from one BFF
ok 192 - production profile renders unpaired from one BFF
  ---
  duration_ms: 197.569156
  type: 'test'
  ...
# Subtest: production profile renders waiting from one BFF
ok 193 - production profile renders waiting from one BFF
  ---
  duration_ms: 162.236769
  type: 'test'
  ...
# Subtest: production profile renders zero metrics from one BFF
ok 194 - production profile renders zero metrics from one BFF
  ---
  duration_ms: 334.810762
  type: 'test'
  ...
# Subtest: production profile reports malformed BFF distinctly and retry recovers
ok 195 - production profile reports malformed BFF distinctly and retry recovers
  ---
  duration_ms: 233.246765
  type: 'test'
  ...
# Subtest: production profile aborts obsolete plant/session responses and refocus observes reassignment
ok 196 - production profile aborts obsolete plant/session responses and refocus observes reassignment
  ---
  duration_ms: 188.893714
  type: 'test'
  ...
# Subtest: collection hydration, retry, missing metadata and controls use AppData
ok 197 - collection hydration, retry, missing metadata and controls use AppData
  ---
  duration_ms: 181.891385
  type: 'test'
  ...
# Subtest: malformed profile target undefined is safe
ok 198 - malformed profile target undefined is safe
  ---
  duration_ms: 154.102069
  type: 'test'
  ...
# Subtest: malformed profile target "" is safe
ok 199 - malformed profile target "" is safe
  ---
  duration_ms: 81.378355
  type: 'test'
  ...
# Subtest: malformed profile target "bad-id" is safe
ok 200 - malformed profile target "bad-id" is safe
  ---
  duration_ms: 59.805684
  type: 'test'
  ...
# Subtest: malformed profile target ["11111111-1111-4111-8111-111111111111"] is safe
ok 201 - malformed profile target ["11111111-1111-4111-8111-111111111111"] is safe
  ---
  duration_ms: 134.902396
  type: 'test'
  ...
# Subtest: guest metadata retains scanning and care without BFF reads
ok 202 - guest metadata retains scanning and care without BFF reads
  ---
  duration_ms: 84.843748
  type: 'test'
  ...
# Subtest: refresh coalesces, stop aborts, late results are suppressed
ok 203 - refresh coalesces, stop aborts, late results are suppressed
  ---
  duration_ms: 6.799162
  type: 'test'
  ...
# Subtest: restart fences old failures and publishes new data
ok 204 - restart fences old failures and publishes new data
  ---
  duration_ms: 2.560272
  type: 'test'
  ...
# Subtest: passing image returns exactly the requested contract on every platform
ok 205 - passing image returns exactly the requested contract on every platform
  ---
  duration_ms: 16.174617
  type: 'test'
  ...
# Subtest: uses JPEG bytes rather than base64 length and rejects below the 50 KiB boundary
ok 206 - uses JPEG bytes rather than base64 length and rejects below the 50 KiB boundary
  ---
  duration_ms: 1.501081
  type: 'test'
  ...
# Subtest: base64 padding is excluded from file size without decoding pixels
ok 207 - base64 padding is excluded from file size without decoding pixels
  ---
  duration_ms: 1.818419
  type: 'test'
  ...
# Subtest: missing and malformed base64 reject instead of failing open
ok 208 - missing and malformed base64 reject instead of failing open
  ---
  duration_ms: 14.085291
  type: 'test'
  ...
# Subtest: undersized dimensions reject independently of file size in portrait and landscape
ok 209 - undersized dimensions reject independently of file size in portrait and landscape
  ---
  duration_ms: 1.209253
  type: 'test'
  ...
# Subtest: invalid dimension metadata rejects safely
ok 210 - invalid dimension metadata rejects safely
  ---
  duration_ms: 1.931819
  type: 'test'
  ...
# Subtest: cancelled session never produces a passing result
ok 211 - cancelled session never produces a passing result
  ---
  duration_ms: 6.722302
  type: 'test'
  ...
# Subtest: animated press feedback forwards native measurement refs, accessibility and action callbacks unchanged
ok 212 - animated press feedback forwards native measurement refs, accessibility and action callbacks unchanged
  ---
  duration_ms: 352.434387
  type: 'test'
  ...
# Subtest: web accessibility states map to ARIA without overriding explicit false values or altering native states
ok 213 - web accessibility states map to ARIA without overriding explicit false values or altering native states
  ---
  duration_ms: 433.673773
  type: 'test'
  ...
# Subtest: pressed style callbacks and existing transforms remain intact through subtle compression and spring release
ok 214 - pressed style callbacks and existing transforms remain intact through subtle compression and spring release
  ---
  duration_ms: 83.245668
  type: 'test'
  ...
# Subtest: feedback uses native animation on iOS and Android, and a web animation driver in the browser
ok 215 - feedback uses native animation on iOS and Android, and a web animation driver in the browser
  ---
  duration_ms: 209.859021
  type: 'test'
  ...
# Subtest: web hover state and hover callbacks remain interactive alongside pressed feedback
ok 216 - web hover state and hover callbacks remain interactive alongside pressed feedback
  ---
  duration_ms: 57.204593
  type: 'test'
  ...
# Subtest: disabled and reduced-motion buttons retain readable pressed styling without scale animations
ok 217 - disabled and reduced-motion buttons retain readable pressed styling without scale animations
  ---
  duration_ms: 134.671146
  type: 'test'
  ...
# Subtest: changing motion preference or disabling a held button cancels its running feedback
ok 218 - changing motion preference or disabling a held button cancels its running feedback
  ---
  duration_ms: 77.749303
  type: 'test'
  ...
# Subtest: string CSS transforms are preserved instead of overwritten by native transform feedback
ok 219 - string CSS transforms are preserved instead of overwritten by native transform feedback
  ---
  duration_ms: 65.937254
  type: 'test'
  ...
# Subtest: reduced motion stays conservative until the initial device preference is known
ok 220 - reduced motion stays conservative until the initial device preference is known
  ---
  duration_ms: 99.86453
  type: 'test'
  ...
# Subtest: live reduced-motion changes override an older in-flight preference query
ok 221 - live reduced-motion changes override an older in-flight preference query
  ---
  duration_ms: 28.563968
  type: 'test'
  ...
# Subtest: preference failures keep motion disabled while live preference changes still work
ok 222 - preference failures keep motion disabled while live preference changes still work
  ---
  duration_ms: 14.326959
  type: 'test'
  ...
# Subtest: unmount removes the preference listener and ignores late query and event updates
ok 223 - unmount removes the preference listener and ignores late query and event updates
  ---
  duration_ms: 33.869613
  type: 'test'
  ...
# Subtest: crop preview maps portrait, landscape and zoomed edges to square image bounds
ok 224 - crop preview maps portrait, landscape and zoomed edges to square image bounds
  ---
  duration_ms: 4.463145
  type: 'test'
  ...
# Subtest: gallery denial, permanent denial, cancellation and invalid assets do not prepare or save a photo
ok 225 - gallery denial, permanent denial, cancellation and invalid assets do not prepare or save a photo
  ---
  duration_ms: 1.670661
  type: 'test'
  ...
# Subtest: gallery selection normalizes the chosen photo before cropping and propagates preparation errors
ok 226 - gallery selection normalizes the chosen photo before cropping and propagates preparation errors
  ---
  duration_ms: 1.072707
  type: 'test'
  ...
# Subtest: cropped photos copy to documents before persistence; failed saves preserve the previous avatar
ok 227 - cropped photos copy to documents before persistence; failed saves preserve the previous avatar
  ---
  duration_ms: 2.128202
  type: 'test'
  ...
# Subtest: local profile validation accepts managed image files and preserves existing URL photos
ok 228 - local profile validation accepts managed image files and preserves existing URL photos
  ---
  duration_ms: 2.354251
  type: 'test'
  ...
# Subtest: active frontend source uses Router-provided navigation modules
ok 229 - active frontend source uses Router-provided navigation modules
  ---
  duration_ms: 1194.143282
  type: 'test'
  ...
# Subtest: current no-plant codes and legacy provider JSON become helpful guidance
ok 230 - current no-plant codes and legacy provider JSON become helpful guidance
  ---
  duration_ms: 4.128184
  type: 'test'
  ...
# Subtest: scan failures have actionable messages without diagnostic passthrough
ok 231 - scan failures have actionable messages without diagnostic passthrough
  ---
  duration_ms: 1.168174
  type: 'test'
  ...
# Subtest: provider configuration failures are not mistaken for user authentication or bad photos
ok 232 - provider configuration failures are not mistaken for user authentication or bad photos
  ---
  duration_ms: 0.939598
  type: 'test'
  ...
# Subtest: patch failure retains report and retry only synchronizes
ok 233 - patch failure retains report and retry only synchronizes
  ---
  duration_ms: 6.549285
  type: 'test'
  ...
# Subtest: refetch retry skips a completed patch and guards duplicate scans
ok 234 - refetch retry skips a completed patch and guards duplicate scans
  ---
  duration_ms: 1.98348
  type: 'test'
  ...
# Subtest: cancelled scan suppresses late completion and never patches
ok 235 - cancelled scan suppresses late completion and never patches
  ---
  duration_ms: 1.982187
  type: 'test'
  ...
# Subtest: a scan for the wrong plant is rejected before any state mutation
ok 236 - a scan for the wrong plant is rejected before any state mutation
  ---
  duration_ms: 1.466925
  type: 'test'
  ...
# Subtest: a mismatched refreshed plant never enters the completed scan state
ok 237 - a mismatched refreshed plant never enters the completed scan state
  ---
  duration_ms: 1.781627
  type: 'test'
  ...
# Subtest: endSession is idempotent and clears successful and failed flow snapshots
ok 238 - endSession is idempotent and clears successful and failed flow snapshots
  ---
  duration_ms: 7.076561
  type: 'test'
  ...
# Subtest: closed scan resolve cannot alter or unlock a new pending scan
ok 239 - closed scan resolve cannot alter or unlock a new pending scan
  ---
  duration_ms: 6.289259
  type: 'test'
  ...
# Subtest: closed scan reject cannot alter or unlock a new pending scan
ok 240 - closed scan reject cannot alter or unlock a new pending scan
  ---
  duration_ms: 1.172942
  type: 'test'
  ...
# Subtest: closed update resolve cannot alter or unlock a new pending scan
ok 241 - closed update resolve cannot alter or unlock a new pending scan
  ---
  duration_ms: 12.405002
  type: 'test'
  ...
# Subtest: closed update reject cannot alter or unlock a new pending scan
ok 242 - closed update reject cannot alter or unlock a new pending scan
  ---
  duration_ms: 1.446895
  type: 'test'
  ...
# Subtest: closed fetch resolve cannot alter or unlock a new pending scan
ok 243 - closed fetch resolve cannot alter or unlock a new pending scan
  ---
  duration_ms: 1.026627
  type: 'test'
  ...
# Subtest: closed fetch reject cannot alter or unlock a new pending scan
ok 244 - closed fetch reject cannot alter or unlock a new pending scan
  ---
  duration_ms: 0.732926
  type: 'test'
  ...
# Subtest: saved result shows the actual 1-task count and routes to Care Tasks
ok 245 - saved result shows the actual 1-task count and routes to Care Tasks
  ---
  duration_ms: 1112.4579
  type: 'test'
  ...
# Subtest: saved result shows the actual 2-task count and routes to Care Tasks
ok 246 - saved result shows the actual 2-task count and routes to Care Tasks
  ---
  duration_ms: 519.848073
  type: 'test'
  ...
# Subtest: review fallback is counted as one saved task with readable explanation
ok 247 - review fallback is counted as one saved task with readable explanation
  ---
  duration_ms: 239.576783
  type: 'test'
  ...
# Subtest: failed synchronization retains tasks without false success; retry never scans again
ok 248 - failed synchronization retains tasks without false success; retry never scans again
  ---
  duration_ms: 285.559738
  type: 'test'
  ...
# Subtest: provider failure cannot display a saved-task result
ok 249 - provider failure cannot display a saved-task result
  ---
  duration_ms: 321.914105
  type: 'test'
  ...
# Subtest: scanner gates capture on readiness and blocks duplicate captures
ok 250 - scanner gates capture on readiness and blocks duplicate captures
  ---
  duration_ms: 857.082401
  type: 'test'
  ...
# Subtest: scanner preserves target forwarding and New Scan readiness
ok 251 - scanner preserves target forwarding and New Scan readiness
  ---
  duration_ms: 443.95472
  type: 'test'
  ...
# Subtest: missing and oversized camera payloads never reach the scan provider
ok 252 - missing and oversized camera payloads never reach the scan provider
  ---
  duration_ms: 549.936092
  type: 'test'
  ...
# Subtest: failed scan can Retake, and Retry Sync preserves diagnosis within the visit
ok 253 - failed scan can Retake, and Retry Sync preserves diagnosis within the visit
  ---
  duration_ms: 287.844006
  type: 'test'
  ...
# Subtest: guest, permission-denied, unfocused and background states cannot capture
ok 254 - guest, permission-denied, unfocused and background states cannot capture
  ---
  duration_ms: 222.220599
  type: 'test'
  ...
# Subtest: hook clears reports on route exit but preserves retry state across backgrounding
ok 255 - hook clears reports on route exit but preserves retry state across backgrounding
  ---
  duration_ms: 197.183334
  type: 'test'
  ...
# Subtest: hook unmount aborts an outstanding request and drops the transient report
ok 256 - hook unmount aborts an outstanding request and drops the transient report
  ---
  duration_ms: 194.301878
  type: 'test'
  ...
# Subtest: X clears failed photos and results Back permits three independent scan visits
ok 257 - X clears failed photos and results Back permits three independent scan visits
  ---
  duration_ms: 211.996492
  type: 'test'
  ...
# Subtest: X during capture: late resolve cannot unlock or replace the reopened capture
ok 258 - X during capture: late resolve cannot unlock or replace the reopened capture
  ---
  duration_ms: 298.8487
  type: 'test'
  ...
# Subtest: X during capture: late reject cannot unlock or replace the reopened capture
ok 259 - X during capture: late reject cannot unlock or replace the reopened capture
  ---
  duration_ms: 215.211839
  type: 'test'
  ...
# Subtest: leaving during scan: stale resolve produces no state or feedback in the next visit
ok 260 - leaving during scan: stale resolve produces no state or feedback in the next visit
  ---
  duration_ms: 242.373415
  type: 'test'
  ...
# Subtest: leaving during scan: stale reject produces no state or feedback in the next visit
ok 261 - leaving during scan: stale reject produces no state or feedback in the next visit
  ---
  duration_ms: 334.340368
  type: 'test'
  ...
# Subtest: leaving during update: stale resolve produces no state or feedback in the next visit
ok 262 - leaving during update: stale resolve produces no state or feedback in the next visit
  ---
  duration_ms: 351.245606
  type: 'test'
  ...
# Subtest: leaving during update: stale reject produces no state or feedback in the next visit
ok 263 - leaving during update: stale reject produces no state or feedback in the next visit
  ---
  duration_ms: 376.297578
  type: 'test'
  ...
# Subtest: leaving during fetch: stale resolve produces no state or feedback in the next visit
ok 264 - leaving during fetch: stale resolve produces no state or feedback in the next visit
  ---
  duration_ms: 350.831539
  type: 'test'
  ...
# Subtest: leaving during fetch: stale reject produces no state or feedback in the next visit
ok 265 - leaving during fetch: stale reject produces no state or feedback in the next visit
  ---
  duration_ms: 160.676272
  type: 'test'
  ...
# Subtest: old camera callbacks cannot ready or break a new preview; mount/permission recovery works
ok 266 - old camera callbacks cannot ready or break a new preview; mount/permission recovery works
  ---
  duration_ms: 161.370151
  type: 'test'
  ...
# Subtest: late permission rejection and unmounted capture cannot write into a later session
ok 267 - late permission rejection and unmounted capture cannot write into a later session
  ---
  duration_ms: 131.032674
  type: 'test'
  ...
# Subtest: untargeted reentry drops old route context and later targeted entry uses new context
ok 268 - untargeted reentry drops old route context and later targeted entry uses new context
  ---
  duration_ms: 136.509131
  type: 'test'
  ...
# Subtest: backgrounded capture cannot keep the foreground preview locked
ok 269 - backgrounded capture cannot keep the foreground preview locked
  ---
  duration_ms: 140.34135
  type: 'test'
  ...
# Subtest: development effect cleanup/setup replay leaves a readyable camera
ok 270 - development effect cleanup/setup replay leaves a readyable camera
  ---
  duration_ms: 118.398918
  type: 'test'
  ...
# Subtest: late Retry Sync finalizer cannot unlock a newly reopened capture
ok 271 - late Retry Sync finalizer cannot unlock a newly reopened capture
  ---
  duration_ms: 137.701783
  type: 'test'
  ...
# Subtest: scanner waits for validation, locks duplicate taps and submits a passing capture once
ok 272 - scanner waits for validation, locks duplicate taps and submits a passing capture once
  ---
  duration_ms: 837.782102
  type: 'test'
  ...
# Subtest: image_too_small never uploads and retake clears feedback
ok 273 - image_too_small never uploads and retake clears feedback
  ---
  duration_ms: 312.02535
  type: 'test'
  ...
# Subtest: low_resolution never uploads and retake clears feedback
ok 274 - low_resolution never uploads and retake clears feedback
  ---
  duration_ms: 204.707298
  type: 'test'
  ...
# Subtest: invalid_image never uploads and retake clears feedback
ok 275 - invalid_image never uploads and retake clears feedback
  ---
  duration_ms: 239.562088
  type: 'test'
  ...
# Subtest: cancelled never uploads and retake clears feedback
ok 276 - cancelled never uploads and retake clears feedback
  ---
  duration_ms: 314.691958
  type: 'test'
  ...
# Subtest: leaving via close aborts validation and ignores a late passing result
ok 277 - leaving via close aborts validation and ignores a late passing result
  ---
  duration_ms: 173.515457
  type: 'test'
  ...
# Subtest: leaving via route aborts validation and ignores a late passing result
ok 278 - leaving via route aborts validation and ignores a late passing result
  ---
  duration_ms: 211.311449
  type: 'test'
  ...
# Subtest: leaving via background aborts validation and ignores a late passing result
ok 279 - leaving via background aborts validation and ignores a late passing result
  ---
  duration_ms: 220.85979
  type: 'test'
  ...
# Subtest: leaving via signout aborts validation and ignores a late passing result
ok 280 - leaving via signout aborts validation and ignores a late passing result
  ---
  duration_ms: 268.704329
  type: 'test'
  ...
# Subtest: leaving via permission aborts validation and ignores a late passing result
ok 281 - leaving via permission aborts validation and ignores a late passing result
  ---
  duration_ms: 212.071098
  type: 'test'
  ...
# Subtest: leaving via unmount aborts validation and ignores a late passing result
ok 282 - leaving via unmount aborts validation and ignores a late passing result
  ---
  duration_ms: 240.845914
  type: 'test'
  ...
# Subtest: old validation cannot overwrite or unlock a new capture session
ok 283 - old validation cannot overwrite or unlock a new capture session
  ---
  duration_ms: 251.19374
  type: 'test'
  ...
# Subtest: real JS scanner validator rejects small_file before upload
ok 284 - real JS scanner validator rejects small_file before upload
  ---
  duration_ms: 242.109484
  type: 'test'
  ...
# Subtest: real JS scanner validator rejects small_dimensions before upload
ok 285 - real JS scanner validator rejects small_dimensions before upload
  ---
  duration_ms: 153.927107
  type: 'test'
  ...
# Subtest: real JS scanner validator rejects missing_dimensions before upload
ok 286 - real JS scanner validator rejects missing_dimensions before upload
  ---
  duration_ms: 133.405883
  type: 'test'
  ...
# Subtest: logout during refresh discards late rotation and clears secure credential
ok 287 - logout during refresh discards late rotation and clears secure credential
  ---
  duration_ms: 78.781472
  type: 'test'
  ...
# Subtest: secure storage read failure is explicit, retryable, and never reaches network
ok 288 - secure storage read failure is explicit, retryable, and never reaches network
  ---
  duration_ms: 1.731339
  type: 'test'
  ...
# Subtest: login 401 is not refreshed, password whitespace survives, account switch broadcasts
ok 289 - login 401 is not refreshed, password whitespace survives, account switch broadcasts
  ---
  duration_ms: 3.75629
  type: 'test'
  ...
# Subtest: browser coordinators use the same exclusive lock across tabs
ok 290 - browser coordinators use the same exclusive lock across tabs
  ---
  duration_ms: 19.521619
  type: 'test'
  ...
# Subtest: profile name updates use authenticated PATCH and publish validated server identity
ok 291 - profile name updates use authenticated PATCH and publish validated server identity
  ---
  duration_ms: 123.942295
  type: 'test'
  ...
# Subtest: late profile update cannot restore identity after switching to local access
ok 292 - late profile update cannot restore identity after switching to local access
  ---
  duration_ms: 9.312592
  type: 'test'
  ...
# Subtest: native restore persists rotation before profile and publishes only validated identity
ok 293 - native restore persists rotation before profile and publishes only validated identity
  ---
  duration_ms: 15.02432
  type: 'test'
  ...
# Subtest: browser bootstrap uses empty JSON, CSRF, cookies and no bearer [redacted] token [redacted]
ok 294 - browser bootstrap uses empty JSON, CSRF, cookies and no bearer [redacted] token [redacted]
  ---
  duration_ms: 4.956736
  type: 'test'
  ...
# Subtest: concurrent 401s single-flight refresh; cancelling a waiter does not abort rotation
ok 295 - concurrent 401s single-flight refresh; cancelling a waiter does not abort rotation
  ---
  duration_ms: 14.412435
  type: 'test'
  ...
# Subtest: late stale 401 reuses newer token [redacted] a second rotation
ok 296 - late stale 401 reuses newer token [redacted] a second rotation
  ---
  duration_ms: 9.399531
  type: 'test'
  ...
# Subtest: 403 and network mutation failures do not refresh or retry
ok 297 - 403 and network mutation failures do not refresh or retry
  ---
  duration_ms: 7.056782
  type: 'test'
  ...
# Subtest: retry is bounded to one, and repeated 401 invalidates session
ok 298 - retry is bounded to one, and repeated 401 invalidates session
  ---
  duration_ms: 14.991364
  type: 'test'
  ...
# Subtest: ambiguous native rotation failure erases consumed credential and does not retry
ok 299 - ambiguous native rotation failure erases consumed credential and does not retry
  ---
  duration_ms: 37.375614
  type: 'test'
  ...
# Subtest: SecureStore write failure never publishes access token
ok 300 - SecureStore write failure never publishes access token
  ---
  duration_ms: 14.127063
  type: 'test'
  ...
# Subtest: transient profile failure retains rotated credential and retries profile only
ok 301 - transient profile failure retains rotated credential and retries profile only
  ---
  duration_ms: 2.678161
  type: 'test'
  ...
# Subtest: logout cancels pending private request, accepts 204, and guest cannot hit private API
ok 302 - logout cancels pending private request, accepts 204, and guest cannot hit private API
  ---
  duration_ms: 10.567796
  type: 'test'
  ...
# Subtest: browser fallback fails closed without invoking refresh when Web Locks unavailable
ok 303 - browser fallback fails closed without invoking refresh when Web Locks unavailable
  ---
  duration_ms: 0.743337
  type: 'test'
  ...
# Subtest: restore: hanging profile times out, retains credentials and retries without authenticating again
ok 304 - restore: hanging profile times out, retains credentials and retries without authenticating again
  ---
  duration_ms: 23.070626
  type: 'test'
  ...
# Subtest: login: hanging profile times out, retains credentials and retries without authenticating again
ok 305 - login: hanging profile times out, retains credentials and retries without authenticating again
  ---
  duration_ms: 18.090966
  type: 'test'
  ...
# Subtest: register: hanging profile times out, retains credentials and retries without authenticating again
ok 306 - register: hanging profile times out, retains credentials and retries without authenticating again
  ---
  duration_ms: 37.722981
  type: 'test'
  ...
# Subtest: local profile edits persist while account names use the real profile endpoint
ok 307 - local profile edits persist while account names use the real profile endpoint
  ---
  duration_ms: 207.520602
  type: 'test'
  ...
# Subtest: profile photo persistence preserves names and isolates late writes across session changes
ok 308 - profile photo persistence preserves names and isolates late writes across session changes
  ---
  duration_ms: 44.758711
  type: 'test'
  ...
# Subtest: login offers account-free Dashboard entry without calling real sign-in
ok 309 - login offers account-free Dashboard entry without calling real sign-in
  ---
  duration_ms: 89.323836
  type: 'test'
  ...
# Subtest: profile keeps independent Rename, removes duplicate rows and gates account settings
ok 310 - profile keeps independent Rename, removes duplicate rows and gates account settings
  ---
  duration_ms: 195.98829
  type: 'test'
  ...
# Subtest: circular crop controls adjust image bounds, guard duplicate saves, keep errors retryable and cancel without saving
ok 311 - circular crop controls adjust image bounds, guard duplicate saves, keep errors retryable and cancel without saving
  ---
  duration_ms: 172.514117
  type: 'test'
  ...
# Subtest: fresh local entry opens Dashboard once, keeps setup optional, and permits later sign-in
ok 312 - fresh local entry opens Dashboard once, keeps setup optional, and permits later sign-in
  ---
  duration_ms: 121.058975
  type: 'test'
  ...
# Subtest: Guest cards open the selected space and its manual-add flow, persist data, and have no Garden entry
ok 313 - Guest cards open the selected space and its manual-add flow, persist data, and have no Garden entry
  ---
  duration_ms: 654.430112
  type: 'test'
  ...
# Subtest: space suggestions fill an editable name without creating a space and preserve custom-name saves in both sessions
ok 314 - space suggestions fill an editable name without creating a space and preserve custom-name saves in both sessions
  ---
  duration_ms: 301.670791
  type: 'test'
  ...
# Subtest: space-card counts stay beside their names and update with the current plant groups
ok 315 - space-card counts stay beside their names and update with the current plant groups
  ---
  duration_ms: 123.970882
  type: 'test'
  ...
# Subtest: detail cards keep cover photos above white name footers with bottom-right anchored menus and photo fallbacks
ok 316 - detail cards keep cover photos above white name footers with bottom-right anchored menus and photo fallbacks
  ---
  duration_ms: 315.967875
  type: 'test'
  ...
# Subtest: horizontal dots match measured dimensions and colors within an invisible accessible touch area
ok 317 - horizontal dots match measured dimensions and colors within an invisible accessible touch area
  ---
  duration_ms: 22.878142
  type: 'test'
  ...
# Subtest: reference dropdown has 75 by 32 pills, Inter Semi Bold labels and exact visible-dot anchoring
ok 318 - reference dropdown has 75 by 32 pills, Inter Semi Bold labels and exact visible-dot anchoring
  ---
  duration_ms: 24.939032
  type: 'test'
  ...
# Subtest: space dots measure their actual window position and stop card navigation
ok 319 - space dots measure their actual window position and stop card navigation
  ---
  duration_ms: 22.981844
  type: 'test'
  ...
# Subtest: dropdown overlay converts coordinates, pops open, closes outside and respects reduced motion
ok 320 - dropdown overlay converts coordinates, pops open, closes outside and respects reduced motion
  ---
  duration_ms: 236.390373
  type: 'test'
  ...
# Subtest: plus dropdown is left of its trigger and stays within narrow screen bounds
ok 321 - plus dropdown is left of its trigger and stays within narrow screen bounds
  ---
  duration_ms: 20.612132
  type: 'test'
  ...
# Subtest: dropdowns close on navigation blur and release native Back listeners on close and unmount
ok 322 - dropdowns close on navigation blur and release native Back listeners on close and unmount
  ---
  duration_ms: 55.72414
  type: 'test'
  ...
# Subtest: large-text add menus widen and wrap while retaining the gap beside the plus on narrow screens
ok 323 - large-text add menus widen and wrap while retaining the gap beside the plus on narrow screens
  ---
  duration_ms: 1000.610493
  type: 'test'
  ...
# Subtest: plus opens only Scan Plant and Add a Plant beside it, dismisses outside, and preserves flows in both sessions
ok 324 - plus opens only Scan Plant and Add a Plant beside it, dismisses outside, and preserves flows in both sessions
  ---
  duration_ms: 228.487507
  type: 'test'
  ...
# Subtest: anchored dropdown sits below dots, closes outside or on selection, and confirms destructive changes
ok 325 - anchored dropdown sits below dots, closes outside or on selection, and confirms destructive changes
  ---
  duration_ms: 57.00411
  type: 'test'
  ...
# Subtest: space Archive and Delete use existing persistence, confirm deletion, and retain failed changes
ok 326 - space Archive and Delete use existing persistence, confirm deletion, and retain failed changes
  ---
  duration_ms: 29.069851
  type: 'test'
  ...
# Subtest: detail archive is scoped to the viewed space, with separate compact styling and retained fade dismissal
ok 327 - detail archive is scoped to the viewed space, with separate compact styling and retained fade dismissal
  ---
  duration_ms: 26.847546
  type: 'test'
  ...
# Subtest: plant menus are separate from spaces and gate unsupported Archive and guest deletion
ok 328 - plant menus are separate from spaces and gate unsupported Archive and guest deletion
  ---
  duration_ms: 40.17849
  type: 'test'
  ...
# Subtest: long press plant removal can be cancelled and only commits confirmed successful account deletion
ok 329 - long press plant removal can be cancelled and only commits confirmed successful account deletion
  ---
  duration_ms: 71.14462
  type: 'test'
  ...
# Subtest: completed installations exclude introductory routes for authenticated sessions
ok 330 - completed installations exclude introductory routes for authenticated sessions
  ---
  duration_ms: 361.896674
  type: 'test'
  ...
# Subtest: anonymous, pending setup, completed and skipped setup retain route guards
ok 331 - anonymous, pending setup, completed and skipped setup retain route guards
  ---
  duration_ms: 361.272507
  type: 'test'
  ...
# Subtest: restore and local failures expose recovery before account routes
ok 332 - restore and local failures expose recovery before account routes
  ---
  duration_ms: 223.82477
  type: 'test'
  ...
# Subtest: guest navigation waits for readiness and reduced motion disables transitions
ok 333 - guest navigation waits for readiness and reduced motion disables transitions
  ---
  duration_ms: 179.848781
  type: 'test'
  ...
# Subtest: saved setup step redirects mismatched deep links
ok 334 - saved setup step redirects mismatched deep links
  ---
  duration_ms: 20.526575
  type: 'test'
  ...
# Subtest: all 193 samples are chronological without mutating API order or losing null/zero light
ok 335 - all 193 samples are chronological without mutating API order or losing null/zero light
  ---
  duration_ms: 10.074965
  type: 'test'
  ...
# Subtest: seed client posts and preserves server device linkage and simulation marker
ok 336 - seed client posts and preserves server device linkage and simulation marker
  ---
  duration_ms: 156.346496
  type: 'test'
  ...
1..336
# tests 336
# suites 0
# pass 336
# fail 0
# cancelled 0
# skipped 0
# todo 0
# duration_ms 23079.289893
npm notice run leaf-check-ai-frontend@1.0.0 typecheck
npm notice run tsc --noEmit
✓ C-02 passed — attempt 000213-20261011T030328Z-d53911 (source b666c6af84d8, logs .pincer/runtime/attempts/000213-20261011T030328Z-d53911/)
