TAP version 13
# (node:163735) ExperimentalWarning: Module mocking is an experimental feature and might change at any time
# (Use `node --trace-warnings ...` to show where the warning was created)
# [LeafCheck Backend] Listening on http://0.0.0.0:0
# Subtest: one proxy hop accepts the nearest forwarded address, not earlier client entries
ok 1 - one proxy hop accepts the nearest forwarded address, not earlier client entries
  ---
  duration_ms: 79.374595
  type: 'test'
  ...
# Subtest: headers, preflight, independent quotas, and rejection before body parsing
ok 2 - headers, preflight, independent quotas, and rejection before body parsing
  ---
  duration_ms: 1116.514853
  type: 'test'
  ...
1..2
# tests 2
# suites 0
# pass 2
# fail 0
# cancelled 0
# skipped 0
# todo 0
# duration_ms 1879.294873
